running egg_info
creating ../../ros_build_310/bound_mpc/bound_mpc.egg-info
writing ../../ros_build_310/bound_mpc/bound_mpc.egg-info/PKG-INFO
writing dependency_links to ../../ros_build_310/bound_mpc/bound_mpc.egg-info/dependency_links.txt
writing entry points to ../../ros_build_310/bound_mpc/bound_mpc.egg-info/entry_points.txt
writing requirements to ../../ros_build_310/bound_mpc/bound_mpc.egg-info/requires.txt
writing top-level names to ../../ros_build_310/bound_mpc/bound_mpc.egg-info/top_level.txt
writing manifest file '../../ros_build_310/bound_mpc/bound_mpc.egg-info/SOURCES.txt'
reading manifest file '../../ros_build_310/bound_mpc/bound_mpc.egg-info/SOURCES.txt'
reading manifest template 'MANIFEST.in'
warning: no files found matching '*.so' anywhere in distribution
writing manifest file '../../ros_build_310/bound_mpc/bound_mpc.egg-info/SOURCES.txt'
running build
running build_py
creating /home/eric/wjg/btry/tmp/process_scan_dependencies/ros_build_310/bound_mpc/build
creating /home/eric/wjg/btry/tmp/process_scan_dependencies/ros_build_310/bound_mpc/build/lib
creating /home/eric/wjg/btry/tmp/process_scan_dependencies/ros_build_310/bound_mpc/build/lib/bound_mpc
copying bound_mpc/__init__.py -> /home/eric/wjg/btry/tmp/process_scan_dependencies/ros_build_310/bound_mpc/build/lib/bound_mpc
creating /home/eric/wjg/btry/tmp/process_scan_dependencies/ros_build_310/bound_mpc/build/lib/nodes
copying nodes/experiment2_runner.py -> /home/eric/wjg/btry/tmp/process_scan_dependencies/ros_build_310/bound_mpc/build/lib/nodes
copying nodes/bound_mpc_node.py -> /home/eric/wjg/btry/tmp/process_scan_dependencies/ros_build_310/bound_mpc/build/lib/nodes
copying nodes/experiment1_runner.py -> /home/eric/wjg/btry/tmp/process_scan_dependencies/ros_build_310/bound_mpc/build/lib/nodes
copying nodes/__init__.py -> /home/eric/wjg/btry/tmp/process_scan_dependencies/ros_build_310/bound_mpc/build/lib/nodes
creating /home/eric/wjg/btry/tmp/process_scan_dependencies/ros_build_310/bound_mpc/build/lib/bound_mpc/utils
copying bound_mpc/utils/lie_functions.py -> /home/eric/wjg/btry/tmp/process_scan_dependencies/ros_build_310/bound_mpc/build/lib/bound_mpc/utils
copying bound_mpc/utils/path_utils.py -> /home/eric/wjg/btry/tmp/process_scan_dependencies/ros_build_310/bound_mpc/build/lib/bound_mpc/utils
copying bound_mpc/utils/__init__.py -> /home/eric/wjg/btry/tmp/process_scan_dependencies/ros_build_310/bound_mpc/build/lib/bound_mpc/utils
copying bound_mpc/utils/util_functions.py -> /home/eric/wjg/btry/tmp/process_scan_dependencies/ros_build_310/bound_mpc/build/lib/bound_mpc/utils
creating /home/eric/wjg/btry/tmp/process_scan_dependencies/ros_build_310/bound_mpc/build/lib/bound_mpc/Logger
copying bound_mpc/Logger/Logger.py -> /home/eric/wjg/btry/tmp/process_scan_dependencies/ros_build_310/bound_mpc/build/lib/bound_mpc/Logger
copying bound_mpc/Logger/__init__.py -> /home/eric/wjg/btry/tmp/process_scan_dependencies/ros_build_310/bound_mpc/build/lib/bound_mpc/Logger
creating /home/eric/wjg/btry/tmp/process_scan_dependencies/ros_build_310/bound_mpc/build/lib/bound_mpc/ReferencePath
copying bound_mpc/ReferencePath/__init__.py -> /home/eric/wjg/btry/tmp/process_scan_dependencies/ros_build_310/bound_mpc/build/lib/bound_mpc/ReferencePath
copying bound_mpc/ReferencePath/ReferencePath.py -> /home/eric/wjg/btry/tmp/process_scan_dependencies/ros_build_310/bound_mpc/build/lib/bound_mpc/ReferencePath
creating /home/eric/wjg/btry/tmp/process_scan_dependencies/ros_build_310/bound_mpc/build/lib/bound_mpc/Plotter
copying bound_mpc/Plotter/Plotter.py -> /home/eric/wjg/btry/tmp/process_scan_dependencies/ros_build_310/bound_mpc/build/lib/bound_mpc/Plotter
copying bound_mpc/Plotter/__init__.py -> /home/eric/wjg/btry/tmp/process_scan_dependencies/ros_build_310/bound_mpc/build/lib/bound_mpc/Plotter
creating /home/eric/wjg/btry/tmp/process_scan_dependencies/ros_build_310/bound_mpc/build/lib/bound_mpc/BoundMPC
copying bound_mpc/BoundMPC/bound_mpc_functions.py -> /home/eric/wjg/btry/tmp/process_scan_dependencies/ros_build_310/bound_mpc/build/lib/bound_mpc/BoundMPC
copying bound_mpc/BoundMPC/BoundMPC.py -> /home/eric/wjg/btry/tmp/process_scan_dependencies/ros_build_310/bound_mpc/build/lib/bound_mpc/BoundMPC
copying bound_mpc/BoundMPC/casadi_ocp_formulation.py -> /home/eric/wjg/btry/tmp/process_scan_dependencies/ros_build_310/bound_mpc/build/lib/bound_mpc/BoundMPC
copying bound_mpc/BoundMPC/jerk_trajectory_casadi.py -> /home/eric/wjg/btry/tmp/process_scan_dependencies/ros_build_310/bound_mpc/build/lib/bound_mpc/BoundMPC
copying bound_mpc/BoundMPC/__init__.py -> /home/eric/wjg/btry/tmp/process_scan_dependencies/ros_build_310/bound_mpc/build/lib/bound_mpc/BoundMPC
copying bound_mpc/BoundMPC/mpc_utils_casadi.py -> /home/eric/wjg/btry/tmp/process_scan_dependencies/ros_build_310/bound_mpc/build/lib/bound_mpc/BoundMPC
creating /home/eric/wjg/btry/tmp/process_scan_dependencies/ros_build_310/bound_mpc/build/lib/bound_mpc/Rviz_Tools
copying bound_mpc/Rviz_Tools/rviz_tools.py -> /home/eric/wjg/btry/tmp/process_scan_dependencies/ros_build_310/bound_mpc/build/lib/bound_mpc/Rviz_Tools
copying bound_mpc/Rviz_Tools/__init__.py -> /home/eric/wjg/btry/tmp/process_scan_dependencies/ros_build_310/bound_mpc/build/lib/bound_mpc/Rviz_Tools
creating /home/eric/wjg/btry/tmp/process_scan_dependencies/ros_build_310/bound_mpc/build/lib/bound_mpc/RobotModel
copying bound_mpc/RobotModel/RobotModel.py -> /home/eric/wjg/btry/tmp/process_scan_dependencies/ros_build_310/bound_mpc/build/lib/bound_mpc/RobotModel
copying bound_mpc/RobotModel/__init__.py -> /home/eric/wjg/btry/tmp/process_scan_dependencies/ros_build_310/bound_mpc/build/lib/bound_mpc/RobotModel
running install
running install_lib
creating /home/eric/wjg/btry/tmp/process_scan_dependencies/ros_install_310/bound_mpc/lib/python3.10/site-packages/bound_mpc
creating /home/eric/wjg/btry/tmp/process_scan_dependencies/ros_install_310/bound_mpc/lib/python3.10/site-packages/bound_mpc/utils
copying /home/eric/wjg/btry/tmp/process_scan_dependencies/ros_build_310/bound_mpc/build/lib/bound_mpc/utils/lie_functions.py -> /home/eric/wjg/btry/tmp/process_scan_dependencies/ros_install_310/bound_mpc/lib/python3.10/site-packages/bound_mpc/utils
copying /home/eric/wjg/btry/tmp/process_scan_dependencies/ros_build_310/bound_mpc/build/lib/bound_mpc/utils/path_utils.py -> /home/eric/wjg/btry/tmp/process_scan_dependencies/ros_install_310/bound_mpc/lib/python3.10/site-packages/bound_mpc/utils
copying /home/eric/wjg/btry/tmp/process_scan_dependencies/ros_build_310/bound_mpc/build/lib/bound_mpc/utils/__init__.py -> /home/eric/wjg/btry/tmp/process_scan_dependencies/ros_install_310/bound_mpc/lib/python3.10/site-packages/bound_mpc/utils
copying /home/eric/wjg/btry/tmp/process_scan_dependencies/ros_build_310/bound_mpc/build/lib/bound_mpc/utils/util_functions.py -> /home/eric/wjg/btry/tmp/process_scan_dependencies/ros_install_310/bound_mpc/lib/python3.10/site-packages/bound_mpc/utils
creating /home/eric/wjg/btry/tmp/process_scan_dependencies/ros_install_310/bound_mpc/lib/python3.10/site-packages/bound_mpc/Logger
copying /home/eric/wjg/btry/tmp/process_scan_dependencies/ros_build_310/bound_mpc/build/lib/bound_mpc/Logger/Logger.py -> /home/eric/wjg/btry/tmp/process_scan_dependencies/ros_install_310/bound_mpc/lib/python3.10/site-packages/bound_mpc/Logger
copying /home/eric/wjg/btry/tmp/process_scan_dependencies/ros_build_310/bound_mpc/build/lib/bound_mpc/Logger/__init__.py -> /home/eric/wjg/btry/tmp/process_scan_dependencies/ros_install_310/bound_mpc/lib/python3.10/site-packages/bound_mpc/Logger
creating /home/eric/wjg/btry/tmp/process_scan_dependencies/ros_install_310/bound_mpc/lib/python3.10/site-packages/bound_mpc/ReferencePath
copying /home/eric/wjg/btry/tmp/process_scan_dependencies/ros_build_310/bound_mpc/build/lib/bound_mpc/ReferencePath/__init__.py -> /home/eric/wjg/btry/tmp/process_scan_dependencies/ros_install_310/bound_mpc/lib/python3.10/site-packages/bound_mpc/ReferencePath
copying /home/eric/wjg/btry/tmp/process_scan_dependencies/ros_build_310/bound_mpc/build/lib/bound_mpc/ReferencePath/ReferencePath.py -> /home/eric/wjg/btry/tmp/process_scan_dependencies/ros_install_310/bound_mpc/lib/python3.10/site-packages/bound_mpc/ReferencePath
creating /home/eric/wjg/btry/tmp/process_scan_dependencies/ros_install_310/bound_mpc/lib/python3.10/site-packages/bound_mpc/Plotter
copying /home/eric/wjg/btry/tmp/process_scan_dependencies/ros_build_310/bound_mpc/build/lib/bound_mpc/Plotter/Plotter.py -> /home/eric/wjg/btry/tmp/process_scan_dependencies/ros_install_310/bound_mpc/lib/python3.10/site-packages/bound_mpc/Plotter
copying /home/eric/wjg/btry/tmp/process_scan_dependencies/ros_build_310/bound_mpc/build/lib/bound_mpc/Plotter/__init__.py -> /home/eric/wjg/btry/tmp/process_scan_dependencies/ros_install_310/bound_mpc/lib/python3.10/site-packages/bound_mpc/Plotter
creating /home/eric/wjg/btry/tmp/process_scan_dependencies/ros_install_310/bound_mpc/lib/python3.10/site-packages/bound_mpc/BoundMPC
copying /home/eric/wjg/btry/tmp/process_scan_dependencies/ros_build_310/bound_mpc/build/lib/bound_mpc/BoundMPC/bound_mpc_functions.py -> /home/eric/wjg/btry/tmp/process_scan_dependencies/ros_install_310/bound_mpc/lib/python3.10/site-packages/bound_mpc/BoundMPC
copying /home/eric/wjg/btry/tmp/process_scan_dependencies/ros_build_310/bound_mpc/build/lib/bound_mpc/BoundMPC/BoundMPC.py -> /home/eric/wjg/btry/tmp/process_scan_dependencies/ros_install_310/bound_mpc/lib/python3.10/site-packages/bound_mpc/BoundMPC
copying /home/eric/wjg/btry/tmp/process_scan_dependencies/ros_build_310/bound_mpc/build/lib/bound_mpc/BoundMPC/casadi_ocp_formulation.py -> /home/eric/wjg/btry/tmp/process_scan_dependencies/ros_install_310/bound_mpc/lib/python3.10/site-packages/bound_mpc/BoundMPC
copying /home/eric/wjg/btry/tmp/process_scan_dependencies/ros_build_310/bound_mpc/build/lib/bound_mpc/BoundMPC/jerk_trajectory_casadi.py -> /home/eric/wjg/btry/tmp/process_scan_dependencies/ros_install_310/bound_mpc/lib/python3.10/site-packages/bound_mpc/BoundMPC
copying /home/eric/wjg/btry/tmp/process_scan_dependencies/ros_build_310/bound_mpc/build/lib/bound_mpc/BoundMPC/__init__.py -> /home/eric/wjg/btry/tmp/process_scan_dependencies/ros_install_310/bound_mpc/lib/python3.10/site-packages/bound_mpc/BoundMPC
copying /home/eric/wjg/btry/tmp/process_scan_dependencies/ros_build_310/bound_mpc/build/lib/bound_mpc/BoundMPC/mpc_utils_casadi.py -> /home/eric/wjg/btry/tmp/process_scan_dependencies/ros_install_310/bound_mpc/lib/python3.10/site-packages/bound_mpc/BoundMPC
creating /home/eric/wjg/btry/tmp/process_scan_dependencies/ros_install_310/bound_mpc/lib/python3.10/site-packages/bound_mpc/Rviz_Tools
copying /home/eric/wjg/btry/tmp/process_scan_dependencies/ros_build_310/bound_mpc/build/lib/bound_mpc/Rviz_Tools/rviz_tools.py -> /home/eric/wjg/btry/tmp/process_scan_dependencies/ros_install_310/bound_mpc/lib/python3.10/site-packages/bound_mpc/Rviz_Tools
copying /home/eric/wjg/btry/tmp/process_scan_dependencies/ros_build_310/bound_mpc/build/lib/bound_mpc/Rviz_Tools/__init__.py -> /home/eric/wjg/btry/tmp/process_scan_dependencies/ros_install_310/bound_mpc/lib/python3.10/site-packages/bound_mpc/Rviz_Tools
creating /home/eric/wjg/btry/tmp/process_scan_dependencies/ros_install_310/bound_mpc/lib/python3.10/site-packages/bound_mpc/RobotModel
copying /home/eric/wjg/btry/tmp/process_scan_dependencies/ros_build_310/bound_mpc/build/lib/bound_mpc/RobotModel/RobotModel.py -> /home/eric/wjg/btry/tmp/process_scan_dependencies/ros_install_310/bound_mpc/lib/python3.10/site-packages/bound_mpc/RobotModel
copying /home/eric/wjg/btry/tmp/process_scan_dependencies/ros_build_310/bound_mpc/build/lib/bound_mpc/RobotModel/__init__.py -> /home/eric/wjg/btry/tmp/process_scan_dependencies/ros_install_310/bound_mpc/lib/python3.10/site-packages/bound_mpc/RobotModel
copying /home/eric/wjg/btry/tmp/process_scan_dependencies/ros_build_310/bound_mpc/build/lib/bound_mpc/__init__.py -> /home/eric/wjg/btry/tmp/process_scan_dependencies/ros_install_310/bound_mpc/lib/python3.10/site-packages/bound_mpc
creating /home/eric/wjg/btry/tmp/process_scan_dependencies/ros_install_310/bound_mpc/lib/python3.10/site-packages/nodes
copying /home/eric/wjg/btry/tmp/process_scan_dependencies/ros_build_310/bound_mpc/build/lib/nodes/experiment2_runner.py -> /home/eric/wjg/btry/tmp/process_scan_dependencies/ros_install_310/bound_mpc/lib/python3.10/site-packages/nodes
copying /home/eric/wjg/btry/tmp/process_scan_dependencies/ros_build_310/bound_mpc/build/lib/nodes/bound_mpc_node.py -> /home/eric/wjg/btry/tmp/process_scan_dependencies/ros_install_310/bound_mpc/lib/python3.10/site-packages/nodes
copying /home/eric/wjg/btry/tmp/process_scan_dependencies/ros_build_310/bound_mpc/build/lib/nodes/experiment1_runner.py -> /home/eric/wjg/btry/tmp/process_scan_dependencies/ros_install_310/bound_mpc/lib/python3.10/site-packages/nodes
copying /home/eric/wjg/btry/tmp/process_scan_dependencies/ros_build_310/bound_mpc/build/lib/nodes/__init__.py -> /home/eric/wjg/btry/tmp/process_scan_dependencies/ros_install_310/bound_mpc/lib/python3.10/site-packages/nodes
byte-compiling /home/eric/wjg/btry/tmp/process_scan_dependencies/ros_install_310/bound_mpc/lib/python3.10/site-packages/bound_mpc/utils/lie_functions.py to lie_functions.cpython-310.pyc
byte-compiling /home/eric/wjg/btry/tmp/process_scan_dependencies/ros_install_310/bound_mpc/lib/python3.10/site-packages/bound_mpc/utils/path_utils.py to path_utils.cpython-310.pyc
byte-compiling /home/eric/wjg/btry/tmp/process_scan_dependencies/ros_install_310/bound_mpc/lib/python3.10/site-packages/bound_mpc/utils/__init__.py to __init__.cpython-310.pyc
byte-compiling /home/eric/wjg/btry/tmp/process_scan_dependencies/ros_install_310/bound_mpc/lib/python3.10/site-packages/bound_mpc/utils/util_functions.py to util_functions.cpython-310.pyc
byte-compiling /home/eric/wjg/btry/tmp/process_scan_dependencies/ros_install_310/bound_mpc/lib/python3.10/site-packages/bound_mpc/Logger/Logger.py to Logger.cpython-310.pyc
byte-compiling /home/eric/wjg/btry/tmp/process_scan_dependencies/ros_install_310/bound_mpc/lib/python3.10/site-packages/bound_mpc/Logger/__init__.py to __init__.cpython-310.pyc
byte-compiling /home/eric/wjg/btry/tmp/process_scan_dependencies/ros_install_310/bound_mpc/lib/python3.10/site-packages/bound_mpc/ReferencePath/__init__.py to __init__.cpython-310.pyc
byte-compiling /home/eric/wjg/btry/tmp/process_scan_dependencies/ros_install_310/bound_mpc/lib/python3.10/site-packages/bound_mpc/ReferencePath/ReferencePath.py to ReferencePath.cpython-310.pyc
byte-compiling /home/eric/wjg/btry/tmp/process_scan_dependencies/ros_install_310/bound_mpc/lib/python3.10/site-packages/bound_mpc/Plotter/Plotter.py to Plotter.cpython-310.pyc
byte-compiling /home/eric/wjg/btry/tmp/process_scan_dependencies/ros_install_310/bound_mpc/lib/python3.10/site-packages/bound_mpc/Plotter/__init__.py to __init__.cpython-310.pyc
byte-compiling /home/eric/wjg/btry/tmp/process_scan_dependencies/ros_install_310/bound_mpc/lib/python3.10/site-packages/bound_mpc/BoundMPC/bound_mpc_functions.py to bound_mpc_functions.cpython-310.pyc
byte-compiling /home/eric/wjg/btry/tmp/process_scan_dependencies/ros_install_310/bound_mpc/lib/python3.10/site-packages/bound_mpc/BoundMPC/BoundMPC.py to BoundMPC.cpython-310.pyc
byte-compiling /home/eric/wjg/btry/tmp/process_scan_dependencies/ros_install_310/bound_mpc/lib/python3.10/site-packages/bound_mpc/BoundMPC/casadi_ocp_formulation.py to casadi_ocp_formulation.cpython-310.pyc
byte-compiling /home/eric/wjg/btry/tmp/process_scan_dependencies/ros_install_310/bound_mpc/lib/python3.10/site-packages/bound_mpc/BoundMPC/jerk_trajectory_casadi.py to jerk_trajectory_casadi.cpython-310.pyc
byte-compiling /home/eric/wjg/btry/tmp/process_scan_dependencies/ros_install_310/bound_mpc/lib/python3.10/site-packages/bound_mpc/BoundMPC/__init__.py to __init__.cpython-310.pyc
byte-compiling /home/eric/wjg/btry/tmp/process_scan_dependencies/ros_install_310/bound_mpc/lib/python3.10/site-packages/bound_mpc/BoundMPC/mpc_utils_casadi.py to mpc_utils_casadi.cpython-310.pyc
byte-compiling /home/eric/wjg/btry/tmp/process_scan_dependencies/ros_install_310/bound_mpc/lib/python3.10/site-packages/bound_mpc/Rviz_Tools/rviz_tools.py to rviz_tools.cpython-310.pyc
byte-compiling /home/eric/wjg/btry/tmp/process_scan_dependencies/ros_install_310/bound_mpc/lib/python3.10/site-packages/bound_mpc/Rviz_Tools/__init__.py to __init__.cpython-310.pyc
byte-compiling /home/eric/wjg/btry/tmp/process_scan_dependencies/ros_install_310/bound_mpc/lib/python3.10/site-packages/bound_mpc/RobotModel/RobotModel.py to RobotModel.cpython-310.pyc
byte-compiling /home/eric/wjg/btry/tmp/process_scan_dependencies/ros_install_310/bound_mpc/lib/python3.10/site-packages/bound_mpc/RobotModel/__init__.py to __init__.cpython-310.pyc
byte-compiling /home/eric/wjg/btry/tmp/process_scan_dependencies/ros_install_310/bound_mpc/lib/python3.10/site-packages/bound_mpc/__init__.py to __init__.cpython-310.pyc
byte-compiling /home/eric/wjg/btry/tmp/process_scan_dependencies/ros_install_310/bound_mpc/lib/python3.10/site-packages/nodes/experiment2_runner.py to experiment2_runner.cpython-310.pyc
byte-compiling /home/eric/wjg/btry/tmp/process_scan_dependencies/ros_install_310/bound_mpc/lib/python3.10/site-packages/nodes/bound_mpc_node.py to bound_mpc_node.cpython-310.pyc
byte-compiling /home/eric/wjg/btry/tmp/process_scan_dependencies/ros_install_310/bound_mpc/lib/python3.10/site-packages/nodes/experiment1_runner.py to experiment1_runner.cpython-310.pyc
byte-compiling /home/eric/wjg/btry/tmp/process_scan_dependencies/ros_install_310/bound_mpc/lib/python3.10/site-packages/nodes/__init__.py to __init__.cpython-310.pyc
running install_data
creating /home/eric/wjg/btry/tmp/process_scan_dependencies/ros_install_310/bound_mpc/share/ament_index
creating /home/eric/wjg/btry/tmp/process_scan_dependencies/ros_install_310/bound_mpc/share/ament_index/resource_index
creating /home/eric/wjg/btry/tmp/process_scan_dependencies/ros_install_310/bound_mpc/share/ament_index/resource_index/packages
copying resource/bound_mpc -> /home/eric/wjg/btry/tmp/process_scan_dependencies/ros_install_310/bound_mpc/share/ament_index/resource_index/packages
copying package.xml -> /home/eric/wjg/btry/tmp/process_scan_dependencies/ros_install_310/bound_mpc/share/bound_mpc
creating /home/eric/wjg/btry/tmp/process_scan_dependencies/ros_install_310/bound_mpc/share/bound_mpc/config
copying config/config_exp2.rviz -> /home/eric/wjg/btry/tmp/process_scan_dependencies/ros_install_310/bound_mpc/share/bound_mpc/config
copying config/config_exp1.rviz -> /home/eric/wjg/btry/tmp/process_scan_dependencies/ros_install_310/bound_mpc/share/bound_mpc/config
creating /home/eric/wjg/btry/tmp/process_scan_dependencies/ros_install_310/bound_mpc/share/bound_mpc/urdf
copying urdf/main.xacro -> /home/eric/wjg/btry/tmp/process_scan_dependencies/ros_install_310/bound_mpc/share/bound_mpc/urdf
creating /home/eric/wjg/btry/tmp/process_scan_dependencies/ros_install_310/bound_mpc/share/bound_mpc/urdf/Gripper
copying urdf/Gripper/GripperLowRes.STL -> /home/eric/wjg/btry/tmp/process_scan_dependencies/ros_install_310/bound_mpc/share/bound_mpc/urdf/Gripper
creating /home/eric/wjg/btry/tmp/process_scan_dependencies/ros_install_310/bound_mpc/share/bound_mpc/urdf/body
copying urdf/body/iiwa.gazebo.xacro -> /home/eric/wjg/btry/tmp/process_scan_dependencies/ros_install_310/bound_mpc/share/bound_mpc/urdf/body
copying urdf/body/iiwa14.xacro -> /home/eric/wjg/btry/tmp/process_scan_dependencies/ros_install_310/bound_mpc/share/bound_mpc/urdf/body
copying urdf/body/utilities.xacro -> /home/eric/wjg/btry/tmp/process_scan_dependencies/ros_install_310/bound_mpc/share/bound_mpc/urdf/body
copying urdf/body/body.xacro -> /home/eric/wjg/btry/tmp/process_scan_dependencies/ros_install_310/bound_mpc/share/bound_mpc/urdf/body
creating /home/eric/wjg/btry/tmp/process_scan_dependencies/ros_install_310/bound_mpc/share/bound_mpc/urdf/body/meshes
creating /home/eric/wjg/btry/tmp/process_scan_dependencies/ros_install_310/bound_mpc/share/bound_mpc/urdf/body/meshes/iiwa14
creating /home/eric/wjg/btry/tmp/process_scan_dependencies/ros_install_310/bound_mpc/share/bound_mpc/urdf/body/meshes/iiwa14/collision
copying urdf/body/meshes/iiwa14/collision/link_4.dae -> /home/eric/wjg/btry/tmp/process_scan_dependencies/ros_install_310/bound_mpc/share/bound_mpc/urdf/body/meshes/iiwa14/collision
copying urdf/body/meshes/iiwa14/collision/link_7.stl -> /home/eric/wjg/btry/tmp/process_scan_dependencies/ros_install_310/bound_mpc/share/bound_mpc/urdf/body/meshes/iiwa14/collision
copying urdf/body/meshes/iiwa14/collision/link_5.dae -> /home/eric/wjg/btry/tmp/process_scan_dependencies/ros_install_310/bound_mpc/share/bound_mpc/urdf/body/meshes/iiwa14/collision
copying urdf/body/meshes/iiwa14/collision/link_1.dae -> /home/eric/wjg/btry/tmp/process_scan_dependencies/ros_install_310/bound_mpc/share/bound_mpc/urdf/body/meshes/iiwa14/collision
copying urdf/body/meshes/iiwa14/collision/link_6.dae -> /home/eric/wjg/btry/tmp/process_scan_dependencies/ros_install_310/bound_mpc/share/bound_mpc/urdf/body/meshes/iiwa14/collision
copying urdf/body/meshes/iiwa14/collision/link_5.stl -> /home/eric/wjg/btry/tmp/process_scan_dependencies/ros_install_310/bound_mpc/share/bound_mpc/urdf/body/meshes/iiwa14/collision
copying urdf/body/meshes/iiwa14/collision/link_2.stl -> /home/eric/wjg/btry/tmp/process_scan_dependencies/ros_install_310/bound_mpc/share/bound_mpc/urdf/body/meshes/iiwa14/collision
copying urdf/body/meshes/iiwa14/collision/link_6.stl -> /home/eric/wjg/btry/tmp/process_scan_dependencies/ros_install_310/bound_mpc/share/bound_mpc/urdf/body/meshes/iiwa14/collision
copying urdf/body/meshes/iiwa14/collision/link_3.dae -> /home/eric/wjg/btry/tmp/process_scan_dependencies/ros_install_310/bound_mpc/share/bound_mpc/urdf/body/meshes/iiwa14/collision
copying urdf/body/meshes/iiwa14/collision/link_0.dae -> /home/eric/wjg/btry/tmp/process_scan_dependencies/ros_install_310/bound_mpc/share/bound_mpc/urdf/body/meshes/iiwa14/collision
copying urdf/body/meshes/iiwa14/collision/link_1.stl -> /home/eric/wjg/btry/tmp/process_scan_dependencies/ros_install_310/bound_mpc/share/bound_mpc/urdf/body/meshes/iiwa14/collision
copying urdf/body/meshes/iiwa14/collision/link_4.stl -> /home/eric/wjg/btry/tmp/process_scan_dependencies/ros_install_310/bound_mpc/share/bound_mpc/urdf/body/meshes/iiwa14/collision
copying urdf/body/meshes/iiwa14/collision/link_7.dae -> /home/eric/wjg/btry/tmp/process_scan_dependencies/ros_install_310/bound_mpc/share/bound_mpc/urdf/body/meshes/iiwa14/collision
copying urdf/body/meshes/iiwa14/collision/link_2.dae -> /home/eric/wjg/btry/tmp/process_scan_dependencies/ros_install_310/bound_mpc/share/bound_mpc/urdf/body/meshes/iiwa14/collision
copying urdf/body/meshes/iiwa14/collision/link_0.stl -> /home/eric/wjg/btry/tmp/process_scan_dependencies/ros_install_310/bound_mpc/share/bound_mpc/urdf/body/meshes/iiwa14/collision
copying urdf/body/meshes/iiwa14/collision/link_3.stl -> /home/eric/wjg/btry/tmp/process_scan_dependencies/ros_install_310/bound_mpc/share/bound_mpc/urdf/body/meshes/iiwa14/collision
creating /home/eric/wjg/btry/tmp/process_scan_dependencies/ros_install_310/bound_mpc/share/bound_mpc/urdf/body/meshes/iiwa14/visual
copying urdf/body/meshes/iiwa14/visual/link_4.dae -> /home/eric/wjg/btry/tmp/process_scan_dependencies/ros_install_310/bound_mpc/share/bound_mpc/urdf/body/meshes/iiwa14/visual
copying urdf/body/meshes/iiwa14/visual/link_7.stl -> /home/eric/wjg/btry/tmp/process_scan_dependencies/ros_install_310/bound_mpc/share/bound_mpc/urdf/body/meshes/iiwa14/visual
copying urdf/body/meshes/iiwa14/visual/link_5.dae -> /home/eric/wjg/btry/tmp/process_scan_dependencies/ros_install_310/bound_mpc/share/bound_mpc/urdf/body/meshes/iiwa14/visual
copying urdf/body/meshes/iiwa14/visual/link_1.dae -> /home/eric/wjg/btry/tmp/process_scan_dependencies/ros_install_310/bound_mpc/share/bound_mpc/urdf/body/meshes/iiwa14/visual
copying urdf/body/meshes/iiwa14/visual/link_6.dae -> /home/eric/wjg/btry/tmp/process_scan_dependencies/ros_install_310/bound_mpc/share/bound_mpc/urdf/body/meshes/iiwa14/visual
copying urdf/body/meshes/iiwa14/visual/link_5.stl -> /home/eric/wjg/btry/tmp/process_scan_dependencies/ros_install_310/bound_mpc/share/bound_mpc/urdf/body/meshes/iiwa14/visual
copying urdf/body/meshes/iiwa14/visual/link_2.stl -> /home/eric/wjg/btry/tmp/process_scan_dependencies/ros_install_310/bound_mpc/share/bound_mpc/urdf/body/meshes/iiwa14/visual
copying urdf/body/meshes/iiwa14/visual/base_link.dae -> /home/eric/wjg/btry/tmp/process_scan_dependencies/ros_install_310/bound_mpc/share/bound_mpc/urdf/body/meshes/iiwa14/visual
copying urdf/body/meshes/iiwa14/visual/link_6.stl -> /home/eric/wjg/btry/tmp/process_scan_dependencies/ros_install_310/bound_mpc/share/bound_mpc/urdf/body/meshes/iiwa14/visual
copying urdf/body/meshes/iiwa14/visual/link_3.dae -> /home/eric/wjg/btry/tmp/process_scan_dependencies/ros_install_310/bound_mpc/share/bound_mpc/urdf/body/meshes/iiwa14/visual
copying urdf/body/meshes/iiwa14/visual/link_1.stl -> /home/eric/wjg/btry/tmp/process_scan_dependencies/ros_install_310/bound_mpc/share/bound_mpc/urdf/body/meshes/iiwa14/visual
copying urdf/body/meshes/iiwa14/visual/link_4.stl -> /home/eric/wjg/btry/tmp/process_scan_dependencies/ros_install_310/bound_mpc/share/bound_mpc/urdf/body/meshes/iiwa14/visual
copying urdf/body/meshes/iiwa14/visual/link_7.dae -> /home/eric/wjg/btry/tmp/process_scan_dependencies/ros_install_310/bound_mpc/share/bound_mpc/urdf/body/meshes/iiwa14/visual
copying urdf/body/meshes/iiwa14/visual/link_2.dae -> /home/eric/wjg/btry/tmp/process_scan_dependencies/ros_install_310/bound_mpc/share/bound_mpc/urdf/body/meshes/iiwa14/visual
copying urdf/body/meshes/iiwa14/visual/link_0.stl -> /home/eric/wjg/btry/tmp/process_scan_dependencies/ros_install_310/bound_mpc/share/bound_mpc/urdf/body/meshes/iiwa14/visual
copying urdf/body/meshes/iiwa14/visual/link_3.stl -> /home/eric/wjg/btry/tmp/process_scan_dependencies/ros_install_310/bound_mpc/share/bound_mpc/urdf/body/meshes/iiwa14/visual
creating /home/eric/wjg/btry/tmp/process_scan_dependencies/ros_install_310/bound_mpc/share/bound_mpc/launch
copying launch/experiment1.launch.py -> /home/eric/wjg/btry/tmp/process_scan_dependencies/ros_install_310/bound_mpc/share/bound_mpc/launch
copying launch/experiment2.launch.py -> /home/eric/wjg/btry/tmp/process_scan_dependencies/ros_install_310/bound_mpc/share/bound_mpc/launch
copying launch/rviz.launch.py -> /home/eric/wjg/btry/tmp/process_scan_dependencies/ros_install_310/bound_mpc/share/bound_mpc/launch
running install_egg_info
Copying ../../ros_build_310/bound_mpc/bound_mpc.egg-info to /home/eric/wjg/btry/tmp/process_scan_dependencies/ros_install_310/bound_mpc/lib/python3.10/site-packages/bound_mpc-0.0.0-py3.10.egg-info
running install_scripts
Installing bound_mpc script to /home/eric/wjg/btry/tmp/process_scan_dependencies/ros_install_310/bound_mpc/lib/bound_mpc
Installing run_experiment1 script to /home/eric/wjg/btry/tmp/process_scan_dependencies/ros_install_310/bound_mpc/lib/bound_mpc
Installing run_experiment2 script to /home/eric/wjg/btry/tmp/process_scan_dependencies/ros_install_310/bound_mpc/lib/bound_mpc
writing list of installed files to '/home/eric/wjg/btry/tmp/process_scan_dependencies/ros_build_310/bound_mpc/install.log'
