-- The C compiler identification is GNU 9.5.0
-- The CXX compiler identification is GNU 9.5.0
-- Detecting C compiler ABI info
-- Detecting C compiler ABI info - done
-- Check for working C compiler: /usr/bin/cc - skipped
-- Detecting C compile features
-- Detecting C compile features - done
-- Detecting CXX compiler ABI info
-- Detecting CXX compiler ABI info - done
-- Check for working CXX compiler: /usr/bin/c++ - skipped
-- Detecting CXX compile features
-- Detecting CXX compile features - done
-- Found ament_cmake: 1.3.10 (/opt/ros/humble/share/ament_cmake/cmake)
-- Found Python3: /usr/bin/python3 (found version "3.10.12") found components: Interpreter 
-- Found rclpy: 3.3.14 (/opt/ros/humble/share/rclpy/cmake)
-- Found rclcpp: 16.0.10 (/opt/ros/humble/share/rclcpp/cmake)
-- Found rosidl_generator_c: 3.1.5 (/opt/ros/humble/share/rosidl_generator_c/cmake)
-- Found rosidl_adapter: 3.1.5 (/opt/ros/humble/share/rosidl_adapter/cmake)
-- Found rosidl_generator_cpp: 3.1.5 (/opt/ros/humble/share/rosidl_generator_cpp/cmake)
-- Using all available rosidl_typesupport_c: rosidl_typesupport_fastrtps_c;rosidl_typesupport_introspection_c
-- Using all available rosidl_typesupport_cpp: rosidl_typesupport_fastrtps_cpp;rosidl_typesupport_introspection_cpp
-- Found rmw_implementation_cmake: 6.1.2 (/opt/ros/humble/share/rmw_implementation_cmake/cmake)
-- Found rmw_fastrtps_cpp: 6.2.7 (/opt/ros/humble/share/rmw_fastrtps_cpp/cmake)
-- Found OpenSSL: /usr/lib/x86_64-linux-gnu/libcrypto.so (found version "3.0.2")  
-- Found FastRTPS: /opt/ros/humble/include  
-- Using RMW implementation 'rmw_fastrtps_cpp' as default
-- Looking for pthread.h
-- Looking for pthread.h - found
-- Performing Test CMAKE_HAVE_LIBC_PTHREAD
-- Performing Test CMAKE_HAVE_LIBC_PTHREAD - Success
-- Found Threads: TRUE  
-- Found geometry_msgs: 4.2.4 (/opt/ros/humble/share/geometry_msgs/cmake)
-- Found sensor_msgs: 4.2.4 (/opt/ros/humble/share/sensor_msgs/cmake)
-- Found rosidl_default_generators: 1.2.0 (/opt/ros/humble/share/rosidl_default_generators/cmake)
-- Found ament_cmake_ros: 0.10.0 (/opt/ros/humble/share/ament_cmake_ros/cmake)
-- Using all available rosidl_typesupport_c: rosidl_typesupport_fastrtps_c;rosidl_typesupport_introspection_c
-- Using all available rosidl_typesupport_cpp: rosidl_typesupport_fastrtps_cpp;rosidl_typesupport_introspection_cpp
-- Found PythonInterp: /usr/bin/python3 (found suitable version "3.10.12", minimum required is "3.6") 
-- Found python_cmake_module: 0.10.0 (/opt/ros/humble/share/python_cmake_module/cmake)
-- Found PythonLibs: /usr/lib/x86_64-linux-gnu/libpython3.10.so (found suitable version "3.10.12", minimum required is "3.5") 
-- Using PYTHON_EXECUTABLE: /usr/bin/python3
-- Using PYTHON_INCLUDE_DIRS: /usr/include/python3.10
-- Using PYTHON_LIBRARIES: /usr/lib/x86_64-linux-gnu/libpython3.10.so
-- Found PythonExtra: .so  
-- Configuring done
-- Generating done
-- Build files have been written to: /home/eric/wjg/btry/tmp/process_scan_dependencies/ros_build_310/bound_mpc_msg
[  1%] Generating C code for ROS interfaces
[  2%] Generating C++ code for ROS interfaces
[  2%] Built target ament_cmake_python_copy_bound_mpc_msg
running egg_info
creating bound_mpc_msg.egg-info
writing bound_mpc_msg.egg-info/PKG-INFO
writing dependency_links to bound_mpc_msg.egg-info/dependency_links.txt
writing top-level names to bound_mpc_msg.egg-info/top_level.txt
writing manifest file 'bound_mpc_msg.egg-info/SOURCES.txt'
reading manifest file 'bound_mpc_msg.egg-info/SOURCES.txt'
writing manifest file 'bound_mpc_msg.egg-info/SOURCES.txt'
[  2%] Built target ament_cmake_python_build_bound_mpc_msg_egg
[  5%] Building C object CMakeFiles/bound_mpc_msg__rosidl_generator_c.dir/rosidl_generator_c/bound_mpc_msg/msg/detail/vector__functions.c.o
[  5%] Building C object CMakeFiles/bound_mpc_msg__rosidl_generator_c.dir/rosidl_generator_c/bound_mpc_msg/msg/detail/mpc_data__functions.c.o
[  6%] Building C object CMakeFiles/bound_mpc_msg__rosidl_generator_c.dir/rosidl_generator_c/bound_mpc_msg/msg/detail/handover_location__functions.c.o
[  7%] Building C object CMakeFiles/bound_mpc_msg__rosidl_generator_c.dir/rosidl_generator_c/bound_mpc_msg/msg/detail/handover_data__functions.c.o
[  8%] Building C object CMakeFiles/bound_mpc_msg__rosidl_generator_c.dir/rosidl_generator_c/bound_mpc_msg/msg/detail/mujoco_data__functions.c.o
[ 10%] Building C object CMakeFiles/bound_mpc_msg__rosidl_generator_c.dir/rosidl_generator_c/bound_mpc_msg/srv/detail/mpc_params__functions.c.o
[ 11%] Building C object CMakeFiles/bound_mpc_msg__rosidl_generator_c.dir/rosidl_generator_c/bound_mpc_msg/srv/detail/trajectory__functions.c.o
[ 11%] Built target bound_mpc_msg__cpp
[ 12%] Generating C++ type support dispatch for ROS interfaces
[ 13%] Generating C++ introspection for ROS interfaces
[ 15%] Generating C++ type support for eProsima Fast-RTPS
[ 16%] Linking C shared library libbound_mpc_msg__rosidl_generator_c.so
[ 16%] Built target bound_mpc_msg__rosidl_generator_c
[ 17%] Generating C type support for eProsima Fast-RTPS
[ 18%] Generating C introspection for ROS interfaces
[ 20%] Generating C type support dispatch for ROS interfaces
[ 21%] Building CXX object CMakeFiles/bound_mpc_msg__rosidl_typesupport_cpp.dir/rosidl_typesupport_cpp/bound_mpc_msg/msg/mujoco_data__type_support.cpp.o
[ 22%] Building CXX object CMakeFiles/bound_mpc_msg__rosidl_typesupport_cpp.dir/rosidl_typesupport_cpp/bound_mpc_msg/srv/trajectory__type_support.cpp.o
[ 25%] Building CXX object CMakeFiles/bound_mpc_msg__rosidl_typesupport_cpp.dir/rosidl_typesupport_cpp/bound_mpc_msg/msg/vector__type_support.cpp.o
[ 25%] Building CXX object CMakeFiles/bound_mpc_msg__rosidl_typesupport_cpp.dir/rosidl_typesupport_cpp/bound_mpc_msg/msg/mpc_data__type_support.cpp.o
[ 27%] Building CXX object CMakeFiles/bound_mpc_msg__rosidl_typesupport_cpp.dir/rosidl_typesupport_cpp/bound_mpc_msg/msg/handover_location__type_support.cpp.o
[ 27%] Building CXX object CMakeFiles/bound_mpc_msg__rosidl_typesupport_cpp.dir/rosidl_typesupport_cpp/bound_mpc_msg/msg/handover_data__type_support.cpp.o
[ 29%] Building CXX object CMakeFiles/bound_mpc_msg__rosidl_typesupport_cpp.dir/rosidl_typesupport_cpp/bound_mpc_msg/srv/mpc_params__type_support.cpp.o
[ 36%] Building CXX object CMakeFiles/bound_mpc_msg__rosidl_typesupport_introspection_cpp.dir/rosidl_typesupport_introspection_cpp/bound_mpc_msg/msg/detail/handover_data__type_support.cpp.o
[ 36%] Building CXX object CMakeFiles/bound_mpc_msg__rosidl_typesupport_introspection_cpp.dir/rosidl_typesupport_introspection_cpp/bound_mpc_msg/msg/detail/handover_location__type_support.cpp.o
[ 36%] Building CXX object CMakeFiles/bound_mpc_msg__rosidl_typesupport_introspection_cpp.dir/rosidl_typesupport_introspection_cpp/bound_mpc_msg/msg/detail/vector__type_support.cpp.o
[ 36%] Building CXX object CMakeFiles/bound_mpc_msg__rosidl_typesupport_introspection_cpp.dir/rosidl_typesupport_introspection_cpp/bound_mpc_msg/msg/detail/mpc_data__type_support.cpp.o
[ 36%] Building CXX object CMakeFiles/bound_mpc_msg__rosidl_typesupport_introspection_cpp.dir/rosidl_typesupport_introspection_cpp/bound_mpc_msg/srv/detail/mpc_params__type_support.cpp.o
[ 36%] Building CXX object CMakeFiles/bound_mpc_msg__rosidl_typesupport_introspection_cpp.dir/rosidl_typesupport_introspection_cpp/bound_mpc_msg/msg/detail/mujoco_data__type_support.cpp.o
[ 37%] Building CXX object CMakeFiles/bound_mpc_msg__rosidl_typesupport_introspection_cpp.dir/rosidl_typesupport_introspection_cpp/bound_mpc_msg/srv/detail/trajectory__type_support.cpp.o
[ 41%] Building CXX object CMakeFiles/bound_mpc_msg__rosidl_typesupport_c.dir/rosidl_typesupport_c/bound_mpc_msg/msg/handover_data__type_support.cpp.o
[ 41%] Building CXX object CMakeFiles/bound_mpc_msg__rosidl_typesupport_c.dir/rosidl_typesupport_c/bound_mpc_msg/msg/mujoco_data__type_support.cpp.o
[ 41%] Building CXX object CMakeFiles/bound_mpc_msg__rosidl_typesupport_c.dir/rosidl_typesupport_c/bound_mpc_msg/msg/handover_location__type_support.cpp.o
[ 43%] Building CXX object CMakeFiles/bound_mpc_msg__rosidl_typesupport_c.dir/rosidl_typesupport_c/bound_mpc_msg/msg/mpc_data__type_support.cpp.o
[ 44%] Building CXX object CMakeFiles/bound_mpc_msg__rosidl_typesupport_c.dir/rosidl_typesupport_c/bound_mpc_msg/srv/trajectory__type_support.cpp.o
[ 45%] Building CXX object CMakeFiles/bound_mpc_msg__rosidl_typesupport_c.dir/rosidl_typesupport_c/bound_mpc_msg/srv/mpc_params__type_support.cpp.o
[ 46%] Building CXX object CMakeFiles/bound_mpc_msg__rosidl_typesupport_c.dir/rosidl_typesupport_c/bound_mpc_msg/msg/vector__type_support.cpp.o
[ 48%] Linking CXX shared library libbound_mpc_msg__rosidl_typesupport_c.so
[ 48%] Built target bound_mpc_msg__rosidl_typesupport_c
[ 49%] Building C object CMakeFiles/bound_mpc_msg__rosidl_typesupport_introspection_c.dir/rosidl_typesupport_introspection_c/bound_mpc_msg/msg/detail/mujoco_data__type_support.c.o
[ 50%] Building C object CMakeFiles/bound_mpc_msg__rosidl_typesupport_introspection_c.dir/rosidl_typesupport_introspection_c/bound_mpc_msg/msg/detail/mpc_data__type_support.c.o
[ 51%] Building C object CMakeFiles/bound_mpc_msg__rosidl_typesupport_introspection_c.dir/rosidl_typesupport_introspection_c/bound_mpc_msg/msg/detail/handover_location__type_support.c.o
[ 53%] Building C object CMakeFiles/bound_mpc_msg__rosidl_typesupport_introspection_c.dir/rosidl_typesupport_introspection_c/bound_mpc_msg/msg/detail/vector__type_support.c.o
[ 54%] Building C object CMakeFiles/bound_mpc_msg__rosidl_typesupport_introspection_c.dir/rosidl_typesupport_introspection_c/bound_mpc_msg/msg/detail/handover_data__type_support.c.o
[ 55%] Building C object CMakeFiles/bound_mpc_msg__rosidl_typesupport_introspection_c.dir/rosidl_typesupport_introspection_c/bound_mpc_msg/srv/detail/trajectory__type_support.c.o
[ 56%] Building C object CMakeFiles/bound_mpc_msg__rosidl_typesupport_introspection_c.dir/rosidl_typesupport_introspection_c/bound_mpc_msg/srv/detail/mpc_params__type_support.c.o
[ 58%] Building CXX object CMakeFiles/bound_mpc_msg__rosidl_typesupport_fastrtps_cpp.dir/rosidl_typesupport_fastrtps_cpp/bound_mpc_msg/msg/detail/dds_fastrtps/vector__type_support.cpp.o
[ 59%] Building CXX object CMakeFiles/bound_mpc_msg__rosidl_typesupport_fastrtps_cpp.dir/rosidl_typesupport_fastrtps_cpp/bound_mpc_msg/msg/detail/dds_fastrtps/handover_data__type_support.cpp.o
[ 60%] Building CXX object CMakeFiles/bound_mpc_msg__rosidl_typesupport_fastrtps_cpp.dir/rosidl_typesupport_fastrtps_cpp/bound_mpc_msg/msg/detail/dds_fastrtps/mujoco_data__type_support.cpp.o
[ 62%] Building CXX object CMakeFiles/bound_mpc_msg__rosidl_typesupport_fastrtps_cpp.dir/rosidl_typesupport_fastrtps_cpp/bound_mpc_msg/msg/detail/dds_fastrtps/mpc_data__type_support.cpp.o
[ 63%] Building CXX object CMakeFiles/bound_mpc_msg__rosidl_typesupport_fastrtps_cpp.dir/rosidl_typesupport_fastrtps_cpp/bound_mpc_msg/msg/detail/dds_fastrtps/handover_location__type_support.cpp.o
[ 64%] Building CXX object CMakeFiles/bound_mpc_msg__rosidl_typesupport_fastrtps_cpp.dir/rosidl_typesupport_fastrtps_cpp/bound_mpc_msg/srv/detail/dds_fastrtps/mpc_params__type_support.cpp.o
[ 65%] Building CXX object CMakeFiles/bound_mpc_msg__rosidl_typesupport_fastrtps_cpp.dir/rosidl_typesupport_fastrtps_cpp/bound_mpc_msg/srv/detail/dds_fastrtps/trajectory__type_support.cpp.o
[ 67%] Linking CXX shared library libbound_mpc_msg__rosidl_typesupport_cpp.so
[ 69%] Building CXX object CMakeFiles/bound_mpc_msg__rosidl_typesupport_fastrtps_c.dir/rosidl_typesupport_fastrtps_c/bound_mpc_msg/msg/detail/handover_location__type_support_c.cpp.o
[ 69%] Building CXX object CMakeFiles/bound_mpc_msg__rosidl_typesupport_fastrtps_c.dir/rosidl_typesupport_fastrtps_c/bound_mpc_msg/msg/detail/mpc_data__type_support_c.cpp.o
[ 70%] Building CXX object CMakeFiles/bound_mpc_msg__rosidl_typesupport_fastrtps_c.dir/rosidl_typesupport_fastrtps_c/bound_mpc_msg/msg/detail/mujoco_data__type_support_c.cpp.o
[ 73%] Building CXX object CMakeFiles/bound_mpc_msg__rosidl_typesupport_fastrtps_c.dir/rosidl_typesupport_fastrtps_c/bound_mpc_msg/srv/detail/mpc_params__type_support_c.cpp.o
[ 72%] Building CXX object CMakeFiles/bound_mpc_msg__rosidl_typesupport_fastrtps_c.dir/rosidl_typesupport_fastrtps_c/bound_mpc_msg/msg/detail/handover_data__type_support_c.cpp.o
[ 74%] Building CXX object CMakeFiles/bound_mpc_msg__rosidl_typesupport_fastrtps_c.dir/rosidl_typesupport_fastrtps_c/bound_mpc_msg/msg/detail/vector__type_support_c.cpp.o
[ 75%] Building CXX object CMakeFiles/bound_mpc_msg__rosidl_typesupport_fastrtps_c.dir/rosidl_typesupport_fastrtps_c/bound_mpc_msg/srv/detail/trajectory__type_support_c.cpp.o
[ 75%] Built target bound_mpc_msg__rosidl_typesupport_cpp
[ 77%] Linking C shared library libbound_mpc_msg__rosidl_typesupport_introspection_c.so
[ 77%] Built target bound_mpc_msg__rosidl_typesupport_introspection_c
[ 78%] Linking CXX shared library libbound_mpc_msg__rosidl_typesupport_fastrtps_c.so
[ 79%] Linking CXX shared library libbound_mpc_msg__rosidl_typesupport_introspection_cpp.so
[ 79%] Built target bound_mpc_msg__rosidl_typesupport_fastrtps_c
[ 81%] Linking CXX shared library libbound_mpc_msg__rosidl_typesupport_fastrtps_cpp.so
[ 81%] Built target bound_mpc_msg__rosidl_typesupport_introspection_cpp
[ 81%] Built target bound_mpc_msg__rosidl_typesupport_fastrtps_cpp
[ 81%] Built target bound_mpc_msg
[ 82%] Generating Python code for ROS interfaces
[ 82%] Built target bound_mpc_msg__py
[ 83%] Building C object CMakeFiles/bound_mpc_msg__rosidl_generator_py.dir/rosidl_generator_py/bound_mpc_msg/msg/_mpc_data_s.c.o
[ 86%] Building C object CMakeFiles/bound_mpc_msg__rosidl_generator_py.dir/rosidl_generator_py/bound_mpc_msg/msg/_mujoco_data_s.c.o
[ 86%] Building C object CMakeFiles/bound_mpc_msg__rosidl_generator_py.dir/rosidl_generator_py/bound_mpc_msg/srv/_mpc_params_s.c.o
[ 87%] Building C object CMakeFiles/bound_mpc_msg__rosidl_generator_py.dir/rosidl_generator_py/bound_mpc_msg/msg/_vector_s.c.o
[ 88%] Building C object CMakeFiles/bound_mpc_msg__rosidl_generator_py.dir/rosidl_generator_py/bound_mpc_msg/msg/_handover_location_s.c.o
[ 91%] Building C object CMakeFiles/bound_mpc_msg__rosidl_generator_py.dir/rosidl_generator_py/bound_mpc_msg/srv/_trajectory_s.c.o
[ 91%] Building C object CMakeFiles/bound_mpc_msg__rosidl_generator_py.dir/rosidl_generator_py/bound_mpc_msg/msg/_handover_data_s.c.o
[ 92%] Linking C shared library rosidl_generator_py/bound_mpc_msg/libbound_mpc_msg__rosidl_generator_py.so
[ 92%] Built target bound_mpc_msg__rosidl_generator_py
[ 93%] Building C object CMakeFiles/bound_mpc_msg__rosidl_typesupport_introspection_c__pyext.dir/rosidl_generator_py/bound_mpc_msg/_bound_mpc_msg_s.ep.rosidl_typesupport_introspection_c.c.o
[ 94%] Building C object CMakeFiles/bound_mpc_msg__rosidl_typesupport_c__pyext.dir/rosidl_generator_py/bound_mpc_msg/_bound_mpc_msg_s.ep.rosidl_typesupport_c.c.o
[ 96%] Building C object CMakeFiles/bound_mpc_msg__rosidl_typesupport_fastrtps_c__pyext.dir/rosidl_generator_py/bound_mpc_msg/_bound_mpc_msg_s.ep.rosidl_typesupport_fastrtps_c.c.o
[ 97%] Linking C shared library rosidl_generator_py/bound_mpc_msg/bound_mpc_msg_s__rosidl_typesupport_introspection_c.cpython-310-x86_64-linux-gnu.so
[ 98%] Linking C shared library rosidl_generator_py/bound_mpc_msg/bound_mpc_msg_s__rosidl_typesupport_c.cpython-310-x86_64-linux-gnu.so
[100%] Linking C shared library rosidl_generator_py/bound_mpc_msg/bound_mpc_msg_s__rosidl_typesupport_fastrtps_c.cpython-310-x86_64-linux-gnu.so
[100%] Built target bound_mpc_msg__rosidl_typesupport_introspection_c__pyext
[100%] Built target bound_mpc_msg__rosidl_typesupport_c__pyext
[100%] Built target bound_mpc_msg__rosidl_typesupport_fastrtps_c__pyext
-- Install configuration: ""
-- Installing: /home/eric/wjg/btry/tmp/process_scan_dependencies/ros_install_310/bound_mpc_msg/share/ament_index/resource_index/rosidl_interfaces/bound_mpc_msg
-- Installing: /home/eric/wjg/btry/tmp/process_scan_dependencies/ros_install_310/bound_mpc_msg/include/bound_mpc_msg/bound_mpc_msg
-- Installing: /home/eric/wjg/btry/tmp/process_scan_dependencies/ros_install_310/bound_mpc_msg/include/bound_mpc_msg/bound_mpc_msg/srv
-- Installing: /home/eric/wjg/btry/tmp/process_scan_dependencies/ros_install_310/bound_mpc_msg/include/bound_mpc_msg/bound_mpc_msg/srv/trajectory.h
-- Installing: /home/eric/wjg/btry/tmp/process_scan_dependencies/ros_install_310/bound_mpc_msg/include/bound_mpc_msg/bound_mpc_msg/srv/mpc_params.h
-- Installing: /home/eric/wjg/btry/tmp/process_scan_dependencies/ros_install_310/bound_mpc_msg/include/bound_mpc_msg/bound_mpc_msg/srv/detail
-- Installing: /home/eric/wjg/btry/tmp/process_scan_dependencies/ros_install_310/bound_mpc_msg/include/bound_mpc_msg/bound_mpc_msg/srv/detail/trajectory__functions.c
-- Installing: /home/eric/wjg/btry/tmp/process_scan_dependencies/ros_install_310/bound_mpc_msg/include/bound_mpc_msg/bound_mpc_msg/srv/detail/mpc_params__struct.h
-- Installing: /home/eric/wjg/btry/tmp/process_scan_dependencies/ros_install_310/bound_mpc_msg/include/bound_mpc_msg/bound_mpc_msg/srv/detail/mpc_params__functions.h
-- Installing: /home/eric/wjg/btry/tmp/process_scan_dependencies/ros_install_310/bound_mpc_msg/include/bound_mpc_msg/bound_mpc_msg/srv/detail/mpc_params__type_support.h
-- Installing: /home/eric/wjg/btry/tmp/process_scan_dependencies/ros_install_310/bound_mpc_msg/include/bound_mpc_msg/bound_mpc_msg/srv/detail/trajectory__type_support.h
-- Installing: /home/eric/wjg/btry/tmp/process_scan_dependencies/ros_install_310/bound_mpc_msg/include/bound_mpc_msg/bound_mpc_msg/srv/detail/trajectory__struct.h
-- Installing: /home/eric/wjg/btry/tmp/process_scan_dependencies/ros_install_310/bound_mpc_msg/include/bound_mpc_msg/bound_mpc_msg/srv/detail/mpc_params__functions.c
-- Installing: /home/eric/wjg/btry/tmp/process_scan_dependencies/ros_install_310/bound_mpc_msg/include/bound_mpc_msg/bound_mpc_msg/srv/detail/trajectory__functions.h
-- Installing: /home/eric/wjg/btry/tmp/process_scan_dependencies/ros_install_310/bound_mpc_msg/include/bound_mpc_msg/bound_mpc_msg/msg
-- Installing: /home/eric/wjg/btry/tmp/process_scan_dependencies/ros_install_310/bound_mpc_msg/include/bound_mpc_msg/bound_mpc_msg/msg/rosidl_generator_c__visibility_control.h
-- Installing: /home/eric/wjg/btry/tmp/process_scan_dependencies/ros_install_310/bound_mpc_msg/include/bound_mpc_msg/bound_mpc_msg/msg/handover_location.h
-- Installing: /home/eric/wjg/btry/tmp/process_scan_dependencies/ros_install_310/bound_mpc_msg/include/bound_mpc_msg/bound_mpc_msg/msg/mpc_data.h
-- Installing: /home/eric/wjg/btry/tmp/process_scan_dependencies/ros_install_310/bound_mpc_msg/include/bound_mpc_msg/bound_mpc_msg/msg/handover_data.h
-- Installing: /home/eric/wjg/btry/tmp/process_scan_dependencies/ros_install_310/bound_mpc_msg/include/bound_mpc_msg/bound_mpc_msg/msg/detail
-- Installing: /home/eric/wjg/btry/tmp/process_scan_dependencies/ros_install_310/bound_mpc_msg/include/bound_mpc_msg/bound_mpc_msg/msg/detail/handover_data__functions.c
-- Installing: /home/eric/wjg/btry/tmp/process_scan_dependencies/ros_install_310/bound_mpc_msg/include/bound_mpc_msg/bound_mpc_msg/msg/detail/vector__functions.c
-- Installing: /home/eric/wjg/btry/tmp/process_scan_dependencies/ros_install_310/bound_mpc_msg/include/bound_mpc_msg/bound_mpc_msg/msg/detail/vector__functions.h
-- Installing: /home/eric/wjg/btry/tmp/process_scan_dependencies/ros_install_310/bound_mpc_msg/include/bound_mpc_msg/bound_mpc_msg/msg/detail/handover_data__functions.h
-- Installing: /home/eric/wjg/btry/tmp/process_scan_dependencies/ros_install_310/bound_mpc_msg/include/bound_mpc_msg/bound_mpc_msg/msg/detail/handover_data__type_support.h
-- Installing: /home/eric/wjg/btry/tmp/process_scan_dependencies/ros_install_310/bound_mpc_msg/include/bound_mpc_msg/bound_mpc_msg/msg/detail/mujoco_data__struct.h
-- Installing: /home/eric/wjg/btry/tmp/process_scan_dependencies/ros_install_310/bound_mpc_msg/include/bound_mpc_msg/bound_mpc_msg/msg/detail/vector__type_support.h
-- Installing: /home/eric/wjg/btry/tmp/process_scan_dependencies/ros_install_310/bound_mpc_msg/include/bound_mpc_msg/bound_mpc_msg/msg/detail/mpc_data__struct.h
-- Installing: /home/eric/wjg/btry/tmp/process_scan_dependencies/ros_install_310/bound_mpc_msg/include/bound_mpc_msg/bound_mpc_msg/msg/detail/mpc_data__functions.h
-- Installing: /home/eric/wjg/btry/tmp/process_scan_dependencies/ros_install_310/bound_mpc_msg/include/bound_mpc_msg/bound_mpc_msg/msg/detail/mpc_data__type_support.h
-- Installing: /home/eric/wjg/btry/tmp/process_scan_dependencies/ros_install_310/bound_mpc_msg/include/bound_mpc_msg/bound_mpc_msg/msg/detail/mpc_data__functions.c
-- Installing: /home/eric/wjg/btry/tmp/process_scan_dependencies/ros_install_310/bound_mpc_msg/include/bound_mpc_msg/bound_mpc_msg/msg/detail/handover_location__type_support.h
-- Installing: /home/eric/wjg/btry/tmp/process_scan_dependencies/ros_install_310/bound_mpc_msg/include/bound_mpc_msg/bound_mpc_msg/msg/detail/handover_data__struct.h
-- Installing: /home/eric/wjg/btry/tmp/process_scan_dependencies/ros_install_310/bound_mpc_msg/include/bound_mpc_msg/bound_mpc_msg/msg/detail/vector__struct.h
-- Installing: /home/eric/wjg/btry/tmp/process_scan_dependencies/ros_install_310/bound_mpc_msg/include/bound_mpc_msg/bound_mpc_msg/msg/detail/handover_location__struct.h
-- Installing: /home/eric/wjg/btry/tmp/process_scan_dependencies/ros_install_310/bound_mpc_msg/include/bound_mpc_msg/bound_mpc_msg/msg/detail/mujoco_data__functions.c
-- Installing: /home/eric/wjg/btry/tmp/process_scan_dependencies/ros_install_310/bound_mpc_msg/include/bound_mpc_msg/bound_mpc_msg/msg/detail/handover_location__functions.c
-- Installing: /home/eric/wjg/btry/tmp/process_scan_dependencies/ros_install_310/bound_mpc_msg/include/bound_mpc_msg/bound_mpc_msg/msg/detail/handover_location__functions.h
-- Installing: /home/eric/wjg/btry/tmp/process_scan_dependencies/ros_install_310/bound_mpc_msg/include/bound_mpc_msg/bound_mpc_msg/msg/detail/mujoco_data__type_support.h
-- Installing: /home/eric/wjg/btry/tmp/process_scan_dependencies/ros_install_310/bound_mpc_msg/include/bound_mpc_msg/bound_mpc_msg/msg/detail/mujoco_data__functions.h
-- Installing: /home/eric/wjg/btry/tmp/process_scan_dependencies/ros_install_310/bound_mpc_msg/include/bound_mpc_msg/bound_mpc_msg/msg/mujoco_data.h
-- Installing: /home/eric/wjg/btry/tmp/process_scan_dependencies/ros_install_310/bound_mpc_msg/include/bound_mpc_msg/bound_mpc_msg/msg/vector.h
-- Installing: /home/eric/wjg/btry/tmp/process_scan_dependencies/ros_install_310/bound_mpc_msg/share/bound_mpc_msg/environment/library_path.sh
-- Installing: /home/eric/wjg/btry/tmp/process_scan_dependencies/ros_install_310/bound_mpc_msg/share/bound_mpc_msg/environment/library_path.dsv
-- Installing: /home/eric/wjg/btry/tmp/process_scan_dependencies/ros_install_310/bound_mpc_msg/lib/libbound_mpc_msg__rosidl_generator_c.so
-- Set runtime path of "/home/eric/wjg/btry/tmp/process_scan_dependencies/ros_install_310/bound_mpc_msg/lib/libbound_mpc_msg__rosidl_generator_c.so" to ""
-- Up-to-date: /home/eric/wjg/btry/tmp/process_scan_dependencies/ros_install_310/bound_mpc_msg/include/bound_mpc_msg/bound_mpc_msg
-- Up-to-date: /home/eric/wjg/btry/tmp/process_scan_dependencies/ros_install_310/bound_mpc_msg/include/bound_mpc_msg/bound_mpc_msg/srv
-- Up-to-date: /home/eric/wjg/btry/tmp/process_scan_dependencies/ros_install_310/bound_mpc_msg/include/bound_mpc_msg/bound_mpc_msg/srv/detail
-- Installing: /home/eric/wjg/btry/tmp/process_scan_dependencies/ros_install_310/bound_mpc_msg/include/bound_mpc_msg/bound_mpc_msg/srv/detail/mpc_params__rosidl_typesupport_fastrtps_c.h
-- Installing: /home/eric/wjg/btry/tmp/process_scan_dependencies/ros_install_310/bound_mpc_msg/include/bound_mpc_msg/bound_mpc_msg/srv/detail/trajectory__rosidl_typesupport_fastrtps_c.h
-- Up-to-date: /home/eric/wjg/btry/tmp/process_scan_dependencies/ros_install_310/bound_mpc_msg/include/bound_mpc_msg/bound_mpc_msg/msg
-- Up-to-date: /home/eric/wjg/btry/tmp/process_scan_dependencies/ros_install_310/bound_mpc_msg/include/bound_mpc_msg/bound_mpc_msg/msg/detail
-- Installing: /home/eric/wjg/btry/tmp/process_scan_dependencies/ros_install_310/bound_mpc_msg/include/bound_mpc_msg/bound_mpc_msg/msg/detail/handover_location__rosidl_typesupport_fastrtps_c.h
-- Installing: /home/eric/wjg/btry/tmp/process_scan_dependencies/ros_install_310/bound_mpc_msg/include/bound_mpc_msg/bound_mpc_msg/msg/detail/mujoco_data__rosidl_typesupport_fastrtps_c.h
-- Installing: /home/eric/wjg/btry/tmp/process_scan_dependencies/ros_install_310/bound_mpc_msg/include/bound_mpc_msg/bound_mpc_msg/msg/detail/vector__rosidl_typesupport_fastrtps_c.h
-- Installing: /home/eric/wjg/btry/tmp/process_scan_dependencies/ros_install_310/bound_mpc_msg/include/bound_mpc_msg/bound_mpc_msg/msg/detail/handover_data__rosidl_typesupport_fastrtps_c.h
-- Installing: /home/eric/wjg/btry/tmp/process_scan_dependencies/ros_install_310/bound_mpc_msg/include/bound_mpc_msg/bound_mpc_msg/msg/detail/mpc_data__rosidl_typesupport_fastrtps_c.h
-- Installing: /home/eric/wjg/btry/tmp/process_scan_dependencies/ros_install_310/bound_mpc_msg/include/bound_mpc_msg/bound_mpc_msg/msg/rosidl_typesupport_fastrtps_c__visibility_control.h
-- Installing: /home/eric/wjg/btry/tmp/process_scan_dependencies/ros_install_310/bound_mpc_msg/lib/libbound_mpc_msg__rosidl_typesupport_fastrtps_c.so
-- Set runtime path of "/home/eric/wjg/btry/tmp/process_scan_dependencies/ros_install_310/bound_mpc_msg/lib/libbound_mpc_msg__rosidl_typesupport_fastrtps_c.so" to ""
-- Up-to-date: /home/eric/wjg/btry/tmp/process_scan_dependencies/ros_install_310/bound_mpc_msg/include/bound_mpc_msg/bound_mpc_msg
-- Up-to-date: /home/eric/wjg/btry/tmp/process_scan_dependencies/ros_install_310/bound_mpc_msg/include/bound_mpc_msg/bound_mpc_msg/srv
-- Installing: /home/eric/wjg/btry/tmp/process_scan_dependencies/ros_install_310/bound_mpc_msg/include/bound_mpc_msg/bound_mpc_msg/srv/mpc_params.hpp
-- Up-to-date: /home/eric/wjg/btry/tmp/process_scan_dependencies/ros_install_310/bound_mpc_msg/include/bound_mpc_msg/bound_mpc_msg/srv/detail
-- Installing: /home/eric/wjg/btry/tmp/process_scan_dependencies/ros_install_310/bound_mpc_msg/include/bound_mpc_msg/bound_mpc_msg/srv/detail/trajectory__struct.hpp
-- Installing: /home/eric/wjg/btry/tmp/process_scan_dependencies/ros_install_310/bound_mpc_msg/include/bound_mpc_msg/bound_mpc_msg/srv/detail/trajectory__builder.hpp
-- Installing: /home/eric/wjg/btry/tmp/process_scan_dependencies/ros_install_310/bound_mpc_msg/include/bound_mpc_msg/bound_mpc_msg/srv/detail/mpc_params__builder.hpp
-- Installing: /home/eric/wjg/btry/tmp/process_scan_dependencies/ros_install_310/bound_mpc_msg/include/bound_mpc_msg/bound_mpc_msg/srv/detail/mpc_params__struct.hpp
-- Installing: /home/eric/wjg/btry/tmp/process_scan_dependencies/ros_install_310/bound_mpc_msg/include/bound_mpc_msg/bound_mpc_msg/srv/detail/mpc_params__traits.hpp
-- Installing: /home/eric/wjg/btry/tmp/process_scan_dependencies/ros_install_310/bound_mpc_msg/include/bound_mpc_msg/bound_mpc_msg/srv/detail/trajectory__traits.hpp
-- Installing: /home/eric/wjg/btry/tmp/process_scan_dependencies/ros_install_310/bound_mpc_msg/include/bound_mpc_msg/bound_mpc_msg/srv/trajectory.hpp
-- Up-to-date: /home/eric/wjg/btry/tmp/process_scan_dependencies/ros_install_310/bound_mpc_msg/include/bound_mpc_msg/bound_mpc_msg/msg
-- Installing: /home/eric/wjg/btry/tmp/process_scan_dependencies/ros_install_310/bound_mpc_msg/include/bound_mpc_msg/bound_mpc_msg/msg/handover_data.hpp
-- Installing: /home/eric/wjg/btry/tmp/process_scan_dependencies/ros_install_310/bound_mpc_msg/include/bound_mpc_msg/bound_mpc_msg/msg/handover_location.hpp
-- Up-to-date: /home/eric/wjg/btry/tmp/process_scan_dependencies/ros_install_310/bound_mpc_msg/include/bound_mpc_msg/bound_mpc_msg/msg/detail
-- Installing: /home/eric/wjg/btry/tmp/process_scan_dependencies/ros_install_310/bound_mpc_msg/include/bound_mpc_msg/bound_mpc_msg/msg/detail/handover_location__traits.hpp
-- Installing: /home/eric/wjg/btry/tmp/process_scan_dependencies/ros_install_310/bound_mpc_msg/include/bound_mpc_msg/bound_mpc_msg/msg/detail/handover_location__builder.hpp
-- Installing: /home/eric/wjg/btry/tmp/process_scan_dependencies/ros_install_310/bound_mpc_msg/include/bound_mpc_msg/bound_mpc_msg/msg/detail/vector__traits.hpp
-- Installing: /home/eric/wjg/btry/tmp/process_scan_dependencies/ros_install_310/bound_mpc_msg/include/bound_mpc_msg/bound_mpc_msg/msg/detail/handover_data__traits.hpp
-- Installing: /home/eric/wjg/btry/tmp/process_scan_dependencies/ros_install_310/bound_mpc_msg/include/bound_mpc_msg/bound_mpc_msg/msg/detail/handover_location__struct.hpp
-- Installing: /home/eric/wjg/btry/tmp/process_scan_dependencies/ros_install_310/bound_mpc_msg/include/bound_mpc_msg/bound_mpc_msg/msg/detail/mpc_data__struct.hpp
-- Installing: /home/eric/wjg/btry/tmp/process_scan_dependencies/ros_install_310/bound_mpc_msg/include/bound_mpc_msg/bound_mpc_msg/msg/detail/mpc_data__builder.hpp
-- Installing: /home/eric/wjg/btry/tmp/process_scan_dependencies/ros_install_310/bound_mpc_msg/include/bound_mpc_msg/bound_mpc_msg/msg/detail/mujoco_data__builder.hpp
-- Installing: /home/eric/wjg/btry/tmp/process_scan_dependencies/ros_install_310/bound_mpc_msg/include/bound_mpc_msg/bound_mpc_msg/msg/detail/handover_data__struct.hpp
-- Installing: /home/eric/wjg/btry/tmp/process_scan_dependencies/ros_install_310/bound_mpc_msg/include/bound_mpc_msg/bound_mpc_msg/msg/detail/mpc_data__traits.hpp
-- Installing: /home/eric/wjg/btry/tmp/process_scan_dependencies/ros_install_310/bound_mpc_msg/include/bound_mpc_msg/bound_mpc_msg/msg/detail/mujoco_data__struct.hpp
-- Installing: /home/eric/wjg/btry/tmp/process_scan_dependencies/ros_install_310/bound_mpc_msg/include/bound_mpc_msg/bound_mpc_msg/msg/detail/vector__struct.hpp
-- Installing: /home/eric/wjg/btry/tmp/process_scan_dependencies/ros_install_310/bound_mpc_msg/include/bound_mpc_msg/bound_mpc_msg/msg/detail/handover_data__builder.hpp
-- Installing: /home/eric/wjg/btry/tmp/process_scan_dependencies/ros_install_310/bound_mpc_msg/include/bound_mpc_msg/bound_mpc_msg/msg/detail/mujoco_data__traits.hpp
-- Installing: /home/eric/wjg/btry/tmp/process_scan_dependencies/ros_install_310/bound_mpc_msg/include/bound_mpc_msg/bound_mpc_msg/msg/detail/vector__builder.hpp
-- Installing: /home/eric/wjg/btry/tmp/process_scan_dependencies/ros_install_310/bound_mpc_msg/include/bound_mpc_msg/bound_mpc_msg/msg/mujoco_data.hpp
-- Installing: /home/eric/wjg/btry/tmp/process_scan_dependencies/ros_install_310/bound_mpc_msg/include/bound_mpc_msg/bound_mpc_msg/msg/vector.hpp
-- Installing: /home/eric/wjg/btry/tmp/process_scan_dependencies/ros_install_310/bound_mpc_msg/include/bound_mpc_msg/bound_mpc_msg/msg/mpc_data.hpp
-- Up-to-date: /home/eric/wjg/btry/tmp/process_scan_dependencies/ros_install_310/bound_mpc_msg/include/bound_mpc_msg/bound_mpc_msg
-- Up-to-date: /home/eric/wjg/btry/tmp/process_scan_dependencies/ros_install_310/bound_mpc_msg/include/bound_mpc_msg/bound_mpc_msg/srv
-- Up-to-date: /home/eric/wjg/btry/tmp/process_scan_dependencies/ros_install_310/bound_mpc_msg/include/bound_mpc_msg/bound_mpc_msg/srv/detail
-- Installing: /home/eric/wjg/btry/tmp/process_scan_dependencies/ros_install_310/bound_mpc_msg/include/bound_mpc_msg/bound_mpc_msg/srv/detail/mpc_params__rosidl_typesupport_fastrtps_cpp.hpp
-- Installing: /home/eric/wjg/btry/tmp/process_scan_dependencies/ros_install_310/bound_mpc_msg/include/bound_mpc_msg/bound_mpc_msg/srv/detail/dds_fastrtps
-- Installing: /home/eric/wjg/btry/tmp/process_scan_dependencies/ros_install_310/bound_mpc_msg/include/bound_mpc_msg/bound_mpc_msg/srv/detail/trajectory__rosidl_typesupport_fastrtps_cpp.hpp
-- Up-to-date: /home/eric/wjg/btry/tmp/process_scan_dependencies/ros_install_310/bound_mpc_msg/include/bound_mpc_msg/bound_mpc_msg/msg
-- Up-to-date: /home/eric/wjg/btry/tmp/process_scan_dependencies/ros_install_310/bound_mpc_msg/include/bound_mpc_msg/bound_mpc_msg/msg/detail
-- Installing: /home/eric/wjg/btry/tmp/process_scan_dependencies/ros_install_310/bound_mpc_msg/include/bound_mpc_msg/bound_mpc_msg/msg/detail/handover_location__rosidl_typesupport_fastrtps_cpp.hpp
-- Installing: /home/eric/wjg/btry/tmp/process_scan_dependencies/ros_install_310/bound_mpc_msg/include/bound_mpc_msg/bound_mpc_msg/msg/detail/dds_fastrtps
-- Installing: /home/eric/wjg/btry/tmp/process_scan_dependencies/ros_install_310/bound_mpc_msg/include/bound_mpc_msg/bound_mpc_msg/msg/detail/vector__rosidl_typesupport_fastrtps_cpp.hpp
-- Installing: /home/eric/wjg/btry/tmp/process_scan_dependencies/ros_install_310/bound_mpc_msg/include/bound_mpc_msg/bound_mpc_msg/msg/detail/mujoco_data__rosidl_typesupport_fastrtps_cpp.hpp
-- Installing: /home/eric/wjg/btry/tmp/process_scan_dependencies/ros_install_310/bound_mpc_msg/include/bound_mpc_msg/bound_mpc_msg/msg/detail/handover_data__rosidl_typesupport_fastrtps_cpp.hpp
-- Installing: /home/eric/wjg/btry/tmp/process_scan_dependencies/ros_install_310/bound_mpc_msg/include/bound_mpc_msg/bound_mpc_msg/msg/detail/mpc_data__rosidl_typesupport_fastrtps_cpp.hpp
-- Installing: /home/eric/wjg/btry/tmp/process_scan_dependencies/ros_install_310/bound_mpc_msg/include/bound_mpc_msg/bound_mpc_msg/msg/rosidl_typesupport_fastrtps_cpp__visibility_control.h
-- Installing: /home/eric/wjg/btry/tmp/process_scan_dependencies/ros_install_310/bound_mpc_msg/lib/libbound_mpc_msg__rosidl_typesupport_fastrtps_cpp.so
-- Set runtime path of "/home/eric/wjg/btry/tmp/process_scan_dependencies/ros_install_310/bound_mpc_msg/lib/libbound_mpc_msg__rosidl_typesupport_fastrtps_cpp.so" to ""
-- Up-to-date: /home/eric/wjg/btry/tmp/process_scan_dependencies/ros_install_310/bound_mpc_msg/include/bound_mpc_msg/bound_mpc_msg
-- Up-to-date: /home/eric/wjg/btry/tmp/process_scan_dependencies/ros_install_310/bound_mpc_msg/include/bound_mpc_msg/bound_mpc_msg/srv
-- Up-to-date: /home/eric/wjg/btry/tmp/process_scan_dependencies/ros_install_310/bound_mpc_msg/include/bound_mpc_msg/bound_mpc_msg/srv/detail
-- Installing: /home/eric/wjg/btry/tmp/process_scan_dependencies/ros_install_310/bound_mpc_msg/include/bound_mpc_msg/bound_mpc_msg/srv/detail/trajectory__type_support.c
-- Installing: /home/eric/wjg/btry/tmp/process_scan_dependencies/ros_install_310/bound_mpc_msg/include/bound_mpc_msg/bound_mpc_msg/srv/detail/trajectory__rosidl_typesupport_introspection_c.h
-- Installing: /home/eric/wjg/btry/tmp/process_scan_dependencies/ros_install_310/bound_mpc_msg/include/bound_mpc_msg/bound_mpc_msg/srv/detail/mpc_params__type_support.c
-- Installing: /home/eric/wjg/btry/tmp/process_scan_dependencies/ros_install_310/bound_mpc_msg/include/bound_mpc_msg/bound_mpc_msg/srv/detail/mpc_params__rosidl_typesupport_introspection_c.h
-- Up-to-date: /home/eric/wjg/btry/tmp/process_scan_dependencies/ros_install_310/bound_mpc_msg/include/bound_mpc_msg/bound_mpc_msg/msg
-- Up-to-date: /home/eric/wjg/btry/tmp/process_scan_dependencies/ros_install_310/bound_mpc_msg/include/bound_mpc_msg/bound_mpc_msg/msg/detail
-- Installing: /home/eric/wjg/btry/tmp/process_scan_dependencies/ros_install_310/bound_mpc_msg/include/bound_mpc_msg/bound_mpc_msg/msg/detail/handover_location__rosidl_typesupport_introspection_c.h
-- Installing: /home/eric/wjg/btry/tmp/process_scan_dependencies/ros_install_310/bound_mpc_msg/include/bound_mpc_msg/bound_mpc_msg/msg/detail/handover_location__type_support.c
-- Installing: /home/eric/wjg/btry/tmp/process_scan_dependencies/ros_install_310/bound_mpc_msg/include/bound_mpc_msg/bound_mpc_msg/msg/detail/mujoco_data__type_support.c
-- Installing: /home/eric/wjg/btry/tmp/process_scan_dependencies/ros_install_310/bound_mpc_msg/include/bound_mpc_msg/bound_mpc_msg/msg/detail/handover_data__type_support.c
-- Installing: /home/eric/wjg/btry/tmp/process_scan_dependencies/ros_install_310/bound_mpc_msg/include/bound_mpc_msg/bound_mpc_msg/msg/detail/mujoco_data__rosidl_typesupport_introspection_c.h
-- Installing: /home/eric/wjg/btry/tmp/process_scan_dependencies/ros_install_310/bound_mpc_msg/include/bound_mpc_msg/bound_mpc_msg/msg/detail/vector__type_support.c
-- Installing: /home/eric/wjg/btry/tmp/process_scan_dependencies/ros_install_310/bound_mpc_msg/include/bound_mpc_msg/bound_mpc_msg/msg/detail/vector__rosidl_typesupport_introspection_c.h
-- Installing: /home/eric/wjg/btry/tmp/process_scan_dependencies/ros_install_310/bound_mpc_msg/include/bound_mpc_msg/bound_mpc_msg/msg/detail/mpc_data__rosidl_typesupport_introspection_c.h
-- Installing: /home/eric/wjg/btry/tmp/process_scan_dependencies/ros_install_310/bound_mpc_msg/include/bound_mpc_msg/bound_mpc_msg/msg/detail/handover_data__rosidl_typesupport_introspection_c.h
-- Installing: /home/eric/wjg/btry/tmp/process_scan_dependencies/ros_install_310/bound_mpc_msg/include/bound_mpc_msg/bound_mpc_msg/msg/detail/mpc_data__type_support.c
-- Installing: /home/eric/wjg/btry/tmp/process_scan_dependencies/ros_install_310/bound_mpc_msg/include/bound_mpc_msg/bound_mpc_msg/msg/rosidl_typesupport_introspection_c__visibility_control.h
-- Installing: /home/eric/wjg/btry/tmp/process_scan_dependencies/ros_install_310/bound_mpc_msg/lib/libbound_mpc_msg__rosidl_typesupport_introspection_c.so
-- Set runtime path of "/home/eric/wjg/btry/tmp/process_scan_dependencies/ros_install_310/bound_mpc_msg/lib/libbound_mpc_msg__rosidl_typesupport_introspection_c.so" to ""
-- Installing: /home/eric/wjg/btry/tmp/process_scan_dependencies/ros_install_310/bound_mpc_msg/lib/libbound_mpc_msg__rosidl_typesupport_c.so
-- Set runtime path of "/home/eric/wjg/btry/tmp/process_scan_dependencies/ros_install_310/bound_mpc_msg/lib/libbound_mpc_msg__rosidl_typesupport_c.so" to ""
-- Up-to-date: /home/eric/wjg/btry/tmp/process_scan_dependencies/ros_install_310/bound_mpc_msg/include/bound_mpc_msg/bound_mpc_msg
-- Up-to-date: /home/eric/wjg/btry/tmp/process_scan_dependencies/ros_install_310/bound_mpc_msg/include/bound_mpc_msg/bound_mpc_msg/srv
-- Up-to-date: /home/eric/wjg/btry/tmp/process_scan_dependencies/ros_install_310/bound_mpc_msg/include/bound_mpc_msg/bound_mpc_msg/srv/detail
-- Installing: /home/eric/wjg/btry/tmp/process_scan_dependencies/ros_install_310/bound_mpc_msg/include/bound_mpc_msg/bound_mpc_msg/srv/detail/mpc_params__type_support.cpp
-- Installing: /home/eric/wjg/btry/tmp/process_scan_dependencies/ros_install_310/bound_mpc_msg/include/bound_mpc_msg/bound_mpc_msg/srv/detail/trajectory__type_support.cpp
-- Installing: /home/eric/wjg/btry/tmp/process_scan_dependencies/ros_install_310/bound_mpc_msg/include/bound_mpc_msg/bound_mpc_msg/srv/detail/trajectory__rosidl_typesupport_introspection_cpp.hpp
-- Installing: /home/eric/wjg/btry/tmp/process_scan_dependencies/ros_install_310/bound_mpc_msg/include/bound_mpc_msg/bound_mpc_msg/srv/detail/mpc_params__rosidl_typesupport_introspection_cpp.hpp
-- Up-to-date: /home/eric/wjg/btry/tmp/process_scan_dependencies/ros_install_310/bound_mpc_msg/include/bound_mpc_msg/bound_mpc_msg/msg
-- Up-to-date: /home/eric/wjg/btry/tmp/process_scan_dependencies/ros_install_310/bound_mpc_msg/include/bound_mpc_msg/bound_mpc_msg/msg/detail
-- Installing: /home/eric/wjg/btry/tmp/process_scan_dependencies/ros_install_310/bound_mpc_msg/include/bound_mpc_msg/bound_mpc_msg/msg/detail/handover_location__rosidl_typesupport_introspection_cpp.hpp
-- Installing: /home/eric/wjg/btry/tmp/process_scan_dependencies/ros_install_310/bound_mpc_msg/include/bound_mpc_msg/bound_mpc_msg/msg/detail/handover_location__type_support.cpp
-- Installing: /home/eric/wjg/btry/tmp/process_scan_dependencies/ros_install_310/bound_mpc_msg/include/bound_mpc_msg/bound_mpc_msg/msg/detail/handover_data__type_support.cpp
-- Installing: /home/eric/wjg/btry/tmp/process_scan_dependencies/ros_install_310/bound_mpc_msg/include/bound_mpc_msg/bound_mpc_msg/msg/detail/vector__rosidl_typesupport_introspection_cpp.hpp
-- Installing: /home/eric/wjg/btry/tmp/process_scan_dependencies/ros_install_310/bound_mpc_msg/include/bound_mpc_msg/bound_mpc_msg/msg/detail/vector__type_support.cpp
-- Installing: /home/eric/wjg/btry/tmp/process_scan_dependencies/ros_install_310/bound_mpc_msg/include/bound_mpc_msg/bound_mpc_msg/msg/detail/handover_data__rosidl_typesupport_introspection_cpp.hpp
-- Installing: /home/eric/wjg/btry/tmp/process_scan_dependencies/ros_install_310/bound_mpc_msg/include/bound_mpc_msg/bound_mpc_msg/msg/detail/mujoco_data__type_support.cpp
-- Installing: /home/eric/wjg/btry/tmp/process_scan_dependencies/ros_install_310/bound_mpc_msg/include/bound_mpc_msg/bound_mpc_msg/msg/detail/mpc_data__rosidl_typesupport_introspection_cpp.hpp
-- Installing: /home/eric/wjg/btry/tmp/process_scan_dependencies/ros_install_310/bound_mpc_msg/include/bound_mpc_msg/bound_mpc_msg/msg/detail/mujoco_data__rosidl_typesupport_introspection_cpp.hpp
-- Installing: /home/eric/wjg/btry/tmp/process_scan_dependencies/ros_install_310/bound_mpc_msg/include/bound_mpc_msg/bound_mpc_msg/msg/detail/mpc_data__type_support.cpp
-- Installing: /home/eric/wjg/btry/tmp/process_scan_dependencies/ros_install_310/bound_mpc_msg/lib/libbound_mpc_msg__rosidl_typesupport_introspection_cpp.so
-- Set runtime path of "/home/eric/wjg/btry/tmp/process_scan_dependencies/ros_install_310/bound_mpc_msg/lib/libbound_mpc_msg__rosidl_typesupport_introspection_cpp.so" to ""
-- Installing: /home/eric/wjg/btry/tmp/process_scan_dependencies/ros_install_310/bound_mpc_msg/lib/libbound_mpc_msg__rosidl_typesupport_cpp.so
-- Set runtime path of "/home/eric/wjg/btry/tmp/process_scan_dependencies/ros_install_310/bound_mpc_msg/lib/libbound_mpc_msg__rosidl_typesupport_cpp.so" to ""
-- Installing: /home/eric/wjg/btry/tmp/process_scan_dependencies/ros_install_310/bound_mpc_msg/share/bound_mpc_msg/environment/pythonpath.sh
-- Installing: /home/eric/wjg/btry/tmp/process_scan_dependencies/ros_install_310/bound_mpc_msg/share/bound_mpc_msg/environment/pythonpath.dsv
-- Installing: /home/eric/wjg/btry/tmp/process_scan_dependencies/ros_install_310/bound_mpc_msg/local/lib/python3.10/dist-packages/bound_mpc_msg-0.0.0-py3.10.egg-info
-- Installing: /home/eric/wjg/btry/tmp/process_scan_dependencies/ros_install_310/bound_mpc_msg/local/lib/python3.10/dist-packages/bound_mpc_msg-0.0.0-py3.10.egg-info/top_level.txt
-- Installing: /home/eric/wjg/btry/tmp/process_scan_dependencies/ros_install_310/bound_mpc_msg/local/lib/python3.10/dist-packages/bound_mpc_msg-0.0.0-py3.10.egg-info/dependency_links.txt
-- Installing: /home/eric/wjg/btry/tmp/process_scan_dependencies/ros_install_310/bound_mpc_msg/local/lib/python3.10/dist-packages/bound_mpc_msg-0.0.0-py3.10.egg-info/SOURCES.txt
-- Installing: /home/eric/wjg/btry/tmp/process_scan_dependencies/ros_install_310/bound_mpc_msg/local/lib/python3.10/dist-packages/bound_mpc_msg-0.0.0-py3.10.egg-info/PKG-INFO
-- Installing: /home/eric/wjg/btry/tmp/process_scan_dependencies/ros_install_310/bound_mpc_msg/local/lib/python3.10/dist-packages/bound_mpc_msg
-- Installing: /home/eric/wjg/btry/tmp/process_scan_dependencies/ros_install_310/bound_mpc_msg/local/lib/python3.10/dist-packages/bound_mpc_msg/_bound_mpc_msg_s.ep.rosidl_typesupport_introspection_c.c
-- Installing: /home/eric/wjg/btry/tmp/process_scan_dependencies/ros_install_310/bound_mpc_msg/local/lib/python3.10/dist-packages/bound_mpc_msg/_bound_mpc_msg_s.ep.rosidl_typesupport_c.c
-- Installing: /home/eric/wjg/btry/tmp/process_scan_dependencies/ros_install_310/bound_mpc_msg/local/lib/python3.10/dist-packages/bound_mpc_msg/libbound_mpc_msg__rosidl_generator_py.so
-- Installing: /home/eric/wjg/btry/tmp/process_scan_dependencies/ros_install_310/bound_mpc_msg/local/lib/python3.10/dist-packages/bound_mpc_msg/srv
-- Installing: /home/eric/wjg/btry/tmp/process_scan_dependencies/ros_install_310/bound_mpc_msg/local/lib/python3.10/dist-packages/bound_mpc_msg/srv/_trajectory.py
-- Installing: /home/eric/wjg/btry/tmp/process_scan_dependencies/ros_install_310/bound_mpc_msg/local/lib/python3.10/dist-packages/bound_mpc_msg/srv/_mpc_params.py
-- Installing: /home/eric/wjg/btry/tmp/process_scan_dependencies/ros_install_310/bound_mpc_msg/local/lib/python3.10/dist-packages/bound_mpc_msg/srv/_mpc_params_s.c
-- Installing: /home/eric/wjg/btry/tmp/process_scan_dependencies/ros_install_310/bound_mpc_msg/local/lib/python3.10/dist-packages/bound_mpc_msg/srv/__init__.py
-- Installing: /home/eric/wjg/btry/tmp/process_scan_dependencies/ros_install_310/bound_mpc_msg/local/lib/python3.10/dist-packages/bound_mpc_msg/srv/_trajectory_s.c
-- Installing: /home/eric/wjg/btry/tmp/process_scan_dependencies/ros_install_310/bound_mpc_msg/local/lib/python3.10/dist-packages/bound_mpc_msg/bound_mpc_msg_s__rosidl_typesupport_introspection_c.cpython-310-x86_64-linux-gnu.so
-- Installing: /home/eric/wjg/btry/tmp/process_scan_dependencies/ros_install_310/bound_mpc_msg/local/lib/python3.10/dist-packages/bound_mpc_msg/bound_mpc_msg_s__rosidl_typesupport_fastrtps_c.cpython-310-x86_64-linux-gnu.so
-- Installing: /home/eric/wjg/btry/tmp/process_scan_dependencies/ros_install_310/bound_mpc_msg/local/lib/python3.10/dist-packages/bound_mpc_msg/bound_mpc_msg_s__rosidl_typesupport_c.cpython-310-x86_64-linux-gnu.so
-- Installing: /home/eric/wjg/btry/tmp/process_scan_dependencies/ros_install_310/bound_mpc_msg/local/lib/python3.10/dist-packages/bound_mpc_msg/__init__.py
-- Installing: /home/eric/wjg/btry/tmp/process_scan_dependencies/ros_install_310/bound_mpc_msg/local/lib/python3.10/dist-packages/bound_mpc_msg/_bound_mpc_msg_s.ep.rosidl_typesupport_fastrtps_c.c
-- Installing: /home/eric/wjg/btry/tmp/process_scan_dependencies/ros_install_310/bound_mpc_msg/local/lib/python3.10/dist-packages/bound_mpc_msg/msg
-- Installing: /home/eric/wjg/btry/tmp/process_scan_dependencies/ros_install_310/bound_mpc_msg/local/lib/python3.10/dist-packages/bound_mpc_msg/msg/_mpc_data.py
-- Installing: /home/eric/wjg/btry/tmp/process_scan_dependencies/ros_install_310/bound_mpc_msg/local/lib/python3.10/dist-packages/bound_mpc_msg/msg/_mujoco_data_s.c
-- Installing: /home/eric/wjg/btry/tmp/process_scan_dependencies/ros_install_310/bound_mpc_msg/local/lib/python3.10/dist-packages/bound_mpc_msg/msg/_vector_s.c
-- Installing: /home/eric/wjg/btry/tmp/process_scan_dependencies/ros_install_310/bound_mpc_msg/local/lib/python3.10/dist-packages/bound_mpc_msg/msg/_handover_location_s.c
-- Installing: /home/eric/wjg/btry/tmp/process_scan_dependencies/ros_install_310/bound_mpc_msg/local/lib/python3.10/dist-packages/bound_mpc_msg/msg/_mpc_data_s.c
-- Installing: /home/eric/wjg/btry/tmp/process_scan_dependencies/ros_install_310/bound_mpc_msg/local/lib/python3.10/dist-packages/bound_mpc_msg/msg/__init__.py
-- Installing: /home/eric/wjg/btry/tmp/process_scan_dependencies/ros_install_310/bound_mpc_msg/local/lib/python3.10/dist-packages/bound_mpc_msg/msg/_vector.py
-- Installing: /home/eric/wjg/btry/tmp/process_scan_dependencies/ros_install_310/bound_mpc_msg/local/lib/python3.10/dist-packages/bound_mpc_msg/msg/_handover_location.py
-- Installing: /home/eric/wjg/btry/tmp/process_scan_dependencies/ros_install_310/bound_mpc_msg/local/lib/python3.10/dist-packages/bound_mpc_msg/msg/_handover_data_s.c
-- Installing: /home/eric/wjg/btry/tmp/process_scan_dependencies/ros_install_310/bound_mpc_msg/local/lib/python3.10/dist-packages/bound_mpc_msg/msg/_mujoco_data.py
-- Installing: /home/eric/wjg/btry/tmp/process_scan_dependencies/ros_install_310/bound_mpc_msg/local/lib/python3.10/dist-packages/bound_mpc_msg/msg/_handover_data.py
Listing '/home/eric/wjg/btry/tmp/process_scan_dependencies/ros_install_310/bound_mpc_msg/local/lib/python3.10/dist-packages/bound_mpc_msg'...
Compiling '/home/eric/wjg/btry/tmp/process_scan_dependencies/ros_install_310/bound_mpc_msg/local/lib/python3.10/dist-packages/bound_mpc_msg/__init__.py'...
Listing '/home/eric/wjg/btry/tmp/process_scan_dependencies/ros_install_310/bound_mpc_msg/local/lib/python3.10/dist-packages/bound_mpc_msg/msg'...
Compiling '/home/eric/wjg/btry/tmp/process_scan_dependencies/ros_install_310/bound_mpc_msg/local/lib/python3.10/dist-packages/bound_mpc_msg/msg/__init__.py'...
Compiling '/home/eric/wjg/btry/tmp/process_scan_dependencies/ros_install_310/bound_mpc_msg/local/lib/python3.10/dist-packages/bound_mpc_msg/msg/_handover_data.py'...
Compiling '/home/eric/wjg/btry/tmp/process_scan_dependencies/ros_install_310/bound_mpc_msg/local/lib/python3.10/dist-packages/bound_mpc_msg/msg/_handover_location.py'...
Compiling '/home/eric/wjg/btry/tmp/process_scan_dependencies/ros_install_310/bound_mpc_msg/local/lib/python3.10/dist-packages/bound_mpc_msg/msg/_mpc_data.py'...
Compiling '/home/eric/wjg/btry/tmp/process_scan_dependencies/ros_install_310/bound_mpc_msg/local/lib/python3.10/dist-packages/bound_mpc_msg/msg/_mujoco_data.py'...
Compiling '/home/eric/wjg/btry/tmp/process_scan_dependencies/ros_install_310/bound_mpc_msg/local/lib/python3.10/dist-packages/bound_mpc_msg/msg/_vector.py'...
Listing '/home/eric/wjg/btry/tmp/process_scan_dependencies/ros_install_310/bound_mpc_msg/local/lib/python3.10/dist-packages/bound_mpc_msg/srv'...
Compiling '/home/eric/wjg/btry/tmp/process_scan_dependencies/ros_install_310/bound_mpc_msg/local/lib/python3.10/dist-packages/bound_mpc_msg/srv/__init__.py'...
Compiling '/home/eric/wjg/btry/tmp/process_scan_dependencies/ros_install_310/bound_mpc_msg/local/lib/python3.10/dist-packages/bound_mpc_msg/srv/_mpc_params.py'...
Compiling '/home/eric/wjg/btry/tmp/process_scan_dependencies/ros_install_310/bound_mpc_msg/local/lib/python3.10/dist-packages/bound_mpc_msg/srv/_trajectory.py'...
-- Installing: /home/eric/wjg/btry/tmp/process_scan_dependencies/ros_install_310/bound_mpc_msg/local/lib/python3.10/dist-packages/bound_mpc_msg/bound_mpc_msg_s__rosidl_typesupport_fastrtps_c.cpython-310-x86_64-linux-gnu.so
-- Set runtime path of "/home/eric/wjg/btry/tmp/process_scan_dependencies/ros_install_310/bound_mpc_msg/local/lib/python3.10/dist-packages/bound_mpc_msg/bound_mpc_msg_s__rosidl_typesupport_fastrtps_c.cpython-310-x86_64-linux-gnu.so" to ""
-- Installing: /home/eric/wjg/btry/tmp/process_scan_dependencies/ros_install_310/bound_mpc_msg/local/lib/python3.10/dist-packages/bound_mpc_msg/bound_mpc_msg_s__rosidl_typesupport_introspection_c.cpython-310-x86_64-linux-gnu.so
-- Set runtime path of "/home/eric/wjg/btry/tmp/process_scan_dependencies/ros_install_310/bound_mpc_msg/local/lib/python3.10/dist-packages/bound_mpc_msg/bound_mpc_msg_s__rosidl_typesupport_introspection_c.cpython-310-x86_64-linux-gnu.so" to ""
-- Installing: /home/eric/wjg/btry/tmp/process_scan_dependencies/ros_install_310/bound_mpc_msg/local/lib/python3.10/dist-packages/bound_mpc_msg/bound_mpc_msg_s__rosidl_typesupport_c.cpython-310-x86_64-linux-gnu.so
-- Set runtime path of "/home/eric/wjg/btry/tmp/process_scan_dependencies/ros_install_310/bound_mpc_msg/local/lib/python3.10/dist-packages/bound_mpc_msg/bound_mpc_msg_s__rosidl_typesupport_c.cpython-310-x86_64-linux-gnu.so" to ""
-- Installing: /home/eric/wjg/btry/tmp/process_scan_dependencies/ros_install_310/bound_mpc_msg/lib/libbound_mpc_msg__rosidl_generator_py.so
-- Set runtime path of "/home/eric/wjg/btry/tmp/process_scan_dependencies/ros_install_310/bound_mpc_msg/lib/libbound_mpc_msg__rosidl_generator_py.so" to ""
-- Installing: /home/eric/wjg/btry/tmp/process_scan_dependencies/ros_install_310/bound_mpc_msg/share/bound_mpc_msg/msg/Vector.idl
-- Installing: /home/eric/wjg/btry/tmp/process_scan_dependencies/ros_install_310/bound_mpc_msg/share/bound_mpc_msg/msg/MPCData.idl
-- Installing: /home/eric/wjg/btry/tmp/process_scan_dependencies/ros_install_310/bound_mpc_msg/share/bound_mpc_msg/msg/HandoverLocation.idl
-- Installing: /home/eric/wjg/btry/tmp/process_scan_dependencies/ros_install_310/bound_mpc_msg/share/bound_mpc_msg/msg/HandoverData.idl
-- Installing: /home/eric/wjg/btry/tmp/process_scan_dependencies/ros_install_310/bound_mpc_msg/share/bound_mpc_msg/msg/MujocoData.idl
-- Installing: /home/eric/wjg/btry/tmp/process_scan_dependencies/ros_install_310/bound_mpc_msg/share/bound_mpc_msg/srv/MPCParams.idl
-- Installing: /home/eric/wjg/btry/tmp/process_scan_dependencies/ros_install_310/bound_mpc_msg/share/bound_mpc_msg/srv/Trajectory.idl
-- Installing: /home/eric/wjg/btry/tmp/process_scan_dependencies/ros_install_310/bound_mpc_msg/share/bound_mpc_msg/msg/Vector.msg
-- Installing: /home/eric/wjg/btry/tmp/process_scan_dependencies/ros_install_310/bound_mpc_msg/share/bound_mpc_msg/msg/MPCData.msg
-- Installing: /home/eric/wjg/btry/tmp/process_scan_dependencies/ros_install_310/bound_mpc_msg/share/bound_mpc_msg/msg/HandoverLocation.msg
-- Installing: /home/eric/wjg/btry/tmp/process_scan_dependencies/ros_install_310/bound_mpc_msg/share/bound_mpc_msg/msg/HandoverData.msg
-- Installing: /home/eric/wjg/btry/tmp/process_scan_dependencies/ros_install_310/bound_mpc_msg/share/bound_mpc_msg/msg/MujocoData.msg
-- Installing: /home/eric/wjg/btry/tmp/process_scan_dependencies/ros_install_310/bound_mpc_msg/share/bound_mpc_msg/srv/MPCParams.srv
-- Installing: /home/eric/wjg/btry/tmp/process_scan_dependencies/ros_install_310/bound_mpc_msg/share/bound_mpc_msg/srv/MPCParams_Request.msg
-- Installing: /home/eric/wjg/btry/tmp/process_scan_dependencies/ros_install_310/bound_mpc_msg/share/bound_mpc_msg/srv/MPCParams_Response.msg
-- Installing: /home/eric/wjg/btry/tmp/process_scan_dependencies/ros_install_310/bound_mpc_msg/share/bound_mpc_msg/srv/Trajectory.srv
-- Installing: /home/eric/wjg/btry/tmp/process_scan_dependencies/ros_install_310/bound_mpc_msg/share/bound_mpc_msg/srv/Trajectory_Request.msg
-- Installing: /home/eric/wjg/btry/tmp/process_scan_dependencies/ros_install_310/bound_mpc_msg/share/bound_mpc_msg/srv/Trajectory_Response.msg
-- Installing: /home/eric/wjg/btry/tmp/process_scan_dependencies/ros_install_310/bound_mpc_msg/share/ament_index/resource_index/package_run_dependencies/bound_mpc_msg
-- Installing: /home/eric/wjg/btry/tmp/process_scan_dependencies/ros_install_310/bound_mpc_msg/share/ament_index/resource_index/parent_prefix_path/bound_mpc_msg
-- Installing: /home/eric/wjg/btry/tmp/process_scan_dependencies/ros_install_310/bound_mpc_msg/share/bound_mpc_msg/environment/ament_prefix_path.sh
-- Installing: /home/eric/wjg/btry/tmp/process_scan_dependencies/ros_install_310/bound_mpc_msg/share/bound_mpc_msg/environment/ament_prefix_path.dsv
-- Installing: /home/eric/wjg/btry/tmp/process_scan_dependencies/ros_install_310/bound_mpc_msg/share/bound_mpc_msg/environment/path.sh
-- Installing: /home/eric/wjg/btry/tmp/process_scan_dependencies/ros_install_310/bound_mpc_msg/share/bound_mpc_msg/environment/path.dsv
-- Installing: /home/eric/wjg/btry/tmp/process_scan_dependencies/ros_install_310/bound_mpc_msg/share/bound_mpc_msg/local_setup.bash
-- Installing: /home/eric/wjg/btry/tmp/process_scan_dependencies/ros_install_310/bound_mpc_msg/share/bound_mpc_msg/local_setup.sh
-- Installing: /home/eric/wjg/btry/tmp/process_scan_dependencies/ros_install_310/bound_mpc_msg/share/bound_mpc_msg/local_setup.zsh
-- Installing: /home/eric/wjg/btry/tmp/process_scan_dependencies/ros_install_310/bound_mpc_msg/share/bound_mpc_msg/local_setup.dsv
-- Installing: /home/eric/wjg/btry/tmp/process_scan_dependencies/ros_install_310/bound_mpc_msg/share/bound_mpc_msg/package.dsv
-- Installing: /home/eric/wjg/btry/tmp/process_scan_dependencies/ros_install_310/bound_mpc_msg/share/ament_index/resource_index/packages/bound_mpc_msg
-- Installing: /home/eric/wjg/btry/tmp/process_scan_dependencies/ros_install_310/bound_mpc_msg/share/bound_mpc_msg/cmake/export_bound_mpc_msg__rosidl_generator_cExport.cmake
-- Installing: /home/eric/wjg/btry/tmp/process_scan_dependencies/ros_install_310/bound_mpc_msg/share/bound_mpc_msg/cmake/export_bound_mpc_msg__rosidl_generator_cExport-noconfig.cmake
-- Installing: /home/eric/wjg/btry/tmp/process_scan_dependencies/ros_install_310/bound_mpc_msg/share/bound_mpc_msg/cmake/export_bound_mpc_msg__rosidl_typesupport_fastrtps_cExport.cmake
-- Installing: /home/eric/wjg/btry/tmp/process_scan_dependencies/ros_install_310/bound_mpc_msg/share/bound_mpc_msg/cmake/export_bound_mpc_msg__rosidl_typesupport_fastrtps_cExport-noconfig.cmake
-- Installing: /home/eric/wjg/btry/tmp/process_scan_dependencies/ros_install_310/bound_mpc_msg/share/bound_mpc_msg/cmake/export_bound_mpc_msg__rosidl_generator_cppExport.cmake
-- Installing: /home/eric/wjg/btry/tmp/process_scan_dependencies/ros_install_310/bound_mpc_msg/share/bound_mpc_msg/cmake/export_bound_mpc_msg__rosidl_typesupport_fastrtps_cppExport.cmake
-- Installing: /home/eric/wjg/btry/tmp/process_scan_dependencies/ros_install_310/bound_mpc_msg/share/bound_mpc_msg/cmake/export_bound_mpc_msg__rosidl_typesupport_fastrtps_cppExport-noconfig.cmake
-- Installing: /home/eric/wjg/btry/tmp/process_scan_dependencies/ros_install_310/bound_mpc_msg/share/bound_mpc_msg/cmake/bound_mpc_msg__rosidl_typesupport_introspection_cExport.cmake
-- Installing: /home/eric/wjg/btry/tmp/process_scan_dependencies/ros_install_310/bound_mpc_msg/share/bound_mpc_msg/cmake/bound_mpc_msg__rosidl_typesupport_introspection_cExport-noconfig.cmake
-- Installing: /home/eric/wjg/btry/tmp/process_scan_dependencies/ros_install_310/bound_mpc_msg/share/bound_mpc_msg/cmake/bound_mpc_msg__rosidl_typesupport_cExport.cmake
-- Installing: /home/eric/wjg/btry/tmp/process_scan_dependencies/ros_install_310/bound_mpc_msg/share/bound_mpc_msg/cmake/bound_mpc_msg__rosidl_typesupport_cExport-noconfig.cmake
-- Installing: /home/eric/wjg/btry/tmp/process_scan_dependencies/ros_install_310/bound_mpc_msg/share/bound_mpc_msg/cmake/bound_mpc_msg__rosidl_typesupport_introspection_cppExport.cmake
-- Installing: /home/eric/wjg/btry/tmp/process_scan_dependencies/ros_install_310/bound_mpc_msg/share/bound_mpc_msg/cmake/bound_mpc_msg__rosidl_typesupport_introspection_cppExport-noconfig.cmake
-- Installing: /home/eric/wjg/btry/tmp/process_scan_dependencies/ros_install_310/bound_mpc_msg/share/bound_mpc_msg/cmake/bound_mpc_msg__rosidl_typesupport_cppExport.cmake
-- Installing: /home/eric/wjg/btry/tmp/process_scan_dependencies/ros_install_310/bound_mpc_msg/share/bound_mpc_msg/cmake/bound_mpc_msg__rosidl_typesupport_cppExport-noconfig.cmake
-- Installing: /home/eric/wjg/btry/tmp/process_scan_dependencies/ros_install_310/bound_mpc_msg/share/bound_mpc_msg/cmake/export_bound_mpc_msg__rosidl_generator_pyExport.cmake
-- Installing: /home/eric/wjg/btry/tmp/process_scan_dependencies/ros_install_310/bound_mpc_msg/share/bound_mpc_msg/cmake/export_bound_mpc_msg__rosidl_generator_pyExport-noconfig.cmake
-- Installing: /home/eric/wjg/btry/tmp/process_scan_dependencies/ros_install_310/bound_mpc_msg/share/bound_mpc_msg/cmake/rosidl_cmake-extras.cmake
-- Installing: /home/eric/wjg/btry/tmp/process_scan_dependencies/ros_install_310/bound_mpc_msg/share/bound_mpc_msg/cmake/ament_cmake_export_dependencies-extras.cmake
-- Installing: /home/eric/wjg/btry/tmp/process_scan_dependencies/ros_install_310/bound_mpc_msg/share/bound_mpc_msg/cmake/ament_cmake_export_include_directories-extras.cmake
-- Installing: /home/eric/wjg/btry/tmp/process_scan_dependencies/ros_install_310/bound_mpc_msg/share/bound_mpc_msg/cmake/ament_cmake_export_libraries-extras.cmake
-- Installing: /home/eric/wjg/btry/tmp/process_scan_dependencies/ros_install_310/bound_mpc_msg/share/bound_mpc_msg/cmake/ament_cmake_export_targets-extras.cmake
-- Installing: /home/eric/wjg/btry/tmp/process_scan_dependencies/ros_install_310/bound_mpc_msg/share/bound_mpc_msg/cmake/rosidl_cmake_export_typesupport_targets-extras.cmake
-- Installing: /home/eric/wjg/btry/tmp/process_scan_dependencies/ros_install_310/bound_mpc_msg/share/bound_mpc_msg/cmake/rosidl_cmake_export_typesupport_libraries-extras.cmake
-- Installing: /home/eric/wjg/btry/tmp/process_scan_dependencies/ros_install_310/bound_mpc_msg/share/bound_mpc_msg/cmake/bound_mpc_msgConfig.cmake
-- Installing: /home/eric/wjg/btry/tmp/process_scan_dependencies/ros_install_310/bound_mpc_msg/share/bound_mpc_msg/cmake/bound_mpc_msgConfig-version.cmake
-- Installing: /home/eric/wjg/btry/tmp/process_scan_dependencies/ros_install_310/bound_mpc_msg/share/bound_mpc_msg/package.xml
