-- The C compiler identification is GNU 9.5.0
-- The CXX compiler identification is GNU 9.5.0
-- Detecting C compiler ABI info
-- Detecting C compiler ABI info - done
-- Check for working C compiler: /usr/bin/cc - skipped
-- Detecting C compile features
-- Detecting C compile features - done
-- Detecting CXX compiler ABI info
-- Detecting CXX compiler ABI info - done
-- Check for working CXX compiler: /usr/bin/c++ - skipped
-- Detecting CXX compile features
-- Detecting CXX compile features - done
-- Found ament_cmake: 1.3.10 (/opt/ros/humble/share/ament_cmake/cmake)
-- Found Python3: /usr/bin/python3 (found version "3.10.12") found components: Interpreter 
-- Found rclpy: 3.3.14 (/opt/ros/humble/share/rclpy/cmake)
-- Found rclcpp: 16.0.10 (/opt/ros/humble/share/rclcpp/cmake)
-- Found rosidl_generator_c: 3.1.5 (/opt/ros/humble/share/rosidl_generator_c/cmake)
-- Found rosidl_adapter: 3.1.5 (/opt/ros/humble/share/rosidl_adapter/cmake)
-- Found rosidl_generator_cpp: 3.1.5 (/opt/ros/humble/share/rosidl_generator_cpp/cmake)
-- Using all available rosidl_typesupport_c: rosidl_typesupport_fastrtps_c;rosidl_typesupport_introspection_c
-- Using all available rosidl_typesupport_cpp: rosidl_typesupport_fastrtps_cpp;rosidl_typesupport_introspection_cpp
-- Found rmw_implementation_cmake: 6.1.2 (/opt/ros/humble/share/rmw_implementation_cmake/cmake)
-- Found rmw_fastrtps_cpp: 6.2.7 (/opt/ros/humble/share/rmw_fastrtps_cpp/cmake)
-- Found OpenSSL: /usr/lib/x86_64-linux-gnu/libcrypto.so (found version "3.0.2")  
-- Found FastRTPS: /opt/ros/humble/include  
-- Using RMW implementation 'rmw_fastrtps_cpp' as default
-- Looking for pthread.h
-- Looking for pthread.h - found
-- Performing Test CMAKE_HAVE_LIBC_PTHREAD
-- Performing Test CMAKE_HAVE_LIBC_PTHREAD - Success
-- Found Threads: TRUE  
-- Found geometry_msgs: 4.2.4 (/opt/ros/humble/share/geometry_msgs/cmake)
-- Found sensor_msgs: 4.2.4 (/opt/ros/humble/share/sensor_msgs/cmake)
-- Found rosidl_default_generators: 1.2.0 (/opt/ros/humble/share/rosidl_default_generators/cmake)
-- Found ament_cmake_ros: 0.10.0 (/opt/ros/humble/share/ament_cmake_ros/cmake)
-- Using all available rosidl_typesupport_c: rosidl_typesupport_fastrtps_c;rosidl_typesupport_introspection_c
-- Using all available rosidl_typesupport_cpp: rosidl_typesupport_fastrtps_cpp;rosidl_typesupport_introspection_cpp
-- Found PythonInterp: /home/eric/anaconda3/bin/python3 (found suitable version "3.12.7", minimum required is "3.6") 
-- Found python_cmake_module: 0.10.0 (/opt/ros/humble/share/python_cmake_module/cmake)
-- Found PythonLibs: /home/eric/anaconda3/lib/libpython3.12.so (found suitable version "3.12.7", minimum required is "3.5") 
-- Using PYTHON_EXECUTABLE: /home/eric/anaconda3/bin/python3
-- Using PYTHON_INCLUDE_DIRS: /home/eric/anaconda3/include/python3.12
-- Using PYTHON_LIBRARIES: /home/eric/anaconda3/lib/libpython3.12.so
-- Found PythonExtra: .so  
-- Using numpy include directory: /home/eric/anaconda3/lib/python3.12/site-packages/numpy/core/include
-- Configuring done
-- Generating done
-- Build files have been written to: /home/eric/wjg/btry/tmp/process_scan_dependencies/ros_build/bound_mpc_msg
[  1%] Generating C code for ROS interfaces
[  2%] Generating C++ code for ROS interfaces
[  2%] Built target ament_cmake_python_copy_bound_mpc_msg
running egg_info
creating bound_mpc_msg.egg-info
writing bound_mpc_msg.egg-info/PKG-INFO
writing dependency_links to bound_mpc_msg.egg-info/dependency_links.txt
writing top-level names to bound_mpc_msg.egg-info/top_level.txt
writing manifest file 'bound_mpc_msg.egg-info/SOURCES.txt'
reading manifest file 'bound_mpc_msg.egg-info/SOURCES.txt'
writing manifest file 'bound_mpc_msg.egg-info/SOURCES.txt'
[  2%] Built target ament_cmake_python_build_bound_mpc_msg_egg
[  3%] Building C object CMakeFiles/bound_mpc_msg__rosidl_generator_c.dir/rosidl_generator_c/bound_mpc_msg/msg/detail/handover_location__functions.c.o
[  5%] Building C object CMakeFiles/bound_mpc_msg__rosidl_generator_c.dir/rosidl_generator_c/bound_mpc_msg/msg/detail/mpc_data__functions.c.o
[  6%] Building C object CMakeFiles/bound_mpc_msg__rosidl_generator_c.dir/rosidl_generator_c/bound_mpc_msg/msg/detail/handover_data__functions.c.o
[  7%] Building C object CMakeFiles/bound_mpc_msg__rosidl_generator_c.dir/rosidl_generator_c/bound_mpc_msg/msg/detail/vector__functions.c.o
[  8%] Building C object CMakeFiles/bound_mpc_msg__rosidl_generator_c.dir/rosidl_generator_c/bound_mpc_msg/srv/detail/mpc_params__functions.c.o
[ 10%] Building C object CMakeFiles/bound_mpc_msg__rosidl_generator_c.dir/rosidl_generator_c/bound_mpc_msg/msg/detail/mujoco_data__functions.c.o
[ 11%] Building C object CMakeFiles/bound_mpc_msg__rosidl_generator_c.dir/rosidl_generator_c/bound_mpc_msg/srv/detail/trajectory__functions.c.o
[ 11%] Built target bound_mpc_msg__cpp
[ 12%] Generating C++ type support dispatch for ROS interfaces
[ 13%] Generating C++ introspection for ROS interfaces
[ 15%] Generating C++ type support for eProsima Fast-RTPS
[ 16%] Linking C shared library libbound_mpc_msg__rosidl_generator_c.so
[ 16%] Built target bound_mpc_msg__rosidl_generator_c
[ 17%] Generating C type support for eProsima Fast-RTPS
[ 20%] Generating C introspection for ROS interfaces
[ 20%] Generating C type support dispatch for ROS interfaces
[ 21%] Building CXX object CMakeFiles/bound_mpc_msg__rosidl_typesupport_cpp.dir/rosidl_typesupport_cpp/bound_mpc_msg/msg/vector__type_support.cpp.o
[ 24%] Building CXX object CMakeFiles/bound_mpc_msg__rosidl_typesupport_cpp.dir/rosidl_typesupport_cpp/bound_mpc_msg/msg/mujoco_data__type_support.cpp.o
[ 24%] Building CXX object CMakeFiles/bound_mpc_msg__rosidl_typesupport_cpp.dir/rosidl_typesupport_cpp/bound_mpc_msg/msg/handover_location__type_support.cpp.o
[ 25%] Building CXX object CMakeFiles/bound_mpc_msg__rosidl_typesupport_cpp.dir/rosidl_typesupport_cpp/bound_mpc_msg/msg/mpc_data__type_support.cpp.o
[ 26%] Building CXX object CMakeFiles/bound_mpc_msg__rosidl_typesupport_cpp.dir/rosidl_typesupport_cpp/bound_mpc_msg/srv/trajectory__type_support.cpp.o
[ 29%] Building CXX object CMakeFiles/bound_mpc_msg__rosidl_typesupport_cpp.dir/rosidl_typesupport_cpp/bound_mpc_msg/srv/mpc_params__type_support.cpp.o
[ 29%] Building CXX object CMakeFiles/bound_mpc_msg__rosidl_typesupport_cpp.dir/rosidl_typesupport_cpp/bound_mpc_msg/msg/handover_data__type_support.cpp.o
[ 31%] Building CXX object CMakeFiles/bound_mpc_msg__rosidl_typesupport_introspection_cpp.dir/rosidl_typesupport_introspection_cpp/bound_mpc_msg/msg/detail/vector__type_support.cpp.o
[ 31%] Building CXX object CMakeFiles/bound_mpc_msg__rosidl_typesupport_introspection_cpp.dir/rosidl_typesupport_introspection_cpp/bound_mpc_msg/msg/detail/handover_location__type_support.cpp.o
[ 32%] Building CXX object CMakeFiles/bound_mpc_msg__rosidl_typesupport_introspection_cpp.dir/rosidl_typesupport_introspection_cpp/bound_mpc_msg/srv/detail/mpc_params__type_support.cpp.o
[ 34%] Building CXX object CMakeFiles/bound_mpc_msg__rosidl_typesupport_introspection_cpp.dir/rosidl_typesupport_introspection_cpp/bound_mpc_msg/msg/detail/mpc_data__type_support.cpp.o
[ 35%] Building CXX object CMakeFiles/bound_mpc_msg__rosidl_typesupport_introspection_cpp.dir/rosidl_typesupport_introspection_cpp/bound_mpc_msg/srv/detail/trajectory__type_support.cpp.o
[ 37%] Building CXX object CMakeFiles/bound_mpc_msg__rosidl_typesupport_introspection_cpp.dir/rosidl_typesupport_introspection_cpp/bound_mpc_msg/msg/detail/handover_data__type_support.cpp.o
[ 37%] Building CXX object CMakeFiles/bound_mpc_msg__rosidl_typesupport_introspection_cpp.dir/rosidl_typesupport_introspection_cpp/bound_mpc_msg/msg/detail/mujoco_data__type_support.cpp.o
[ 39%] Building CXX object CMakeFiles/bound_mpc_msg__rosidl_typesupport_c.dir/rosidl_typesupport_c/bound_mpc_msg/msg/handover_data__type_support.cpp.o
[ 40%] Building CXX object CMakeFiles/bound_mpc_msg__rosidl_typesupport_c.dir/rosidl_typesupport_c/bound_mpc_msg/msg/mpc_data__type_support.cpp.o
[ 41%] Building CXX object CMakeFiles/bound_mpc_msg__rosidl_typesupport_c.dir/rosidl_typesupport_c/bound_mpc_msg/msg/vector__type_support.cpp.o
[ 43%] Building CXX object CMakeFiles/bound_mpc_msg__rosidl_typesupport_c.dir/rosidl_typesupport_c/bound_mpc_msg/msg/handover_location__type_support.cpp.o
[ 44%] Building CXX object CMakeFiles/bound_mpc_msg__rosidl_typesupport_c.dir/rosidl_typesupport_c/bound_mpc_msg/msg/mujoco_data__type_support.cpp.o
[ 45%] Building CXX object CMakeFiles/bound_mpc_msg__rosidl_typesupport_c.dir/rosidl_typesupport_c/bound_mpc_msg/srv/trajectory__type_support.cpp.o
[ 46%] Building CXX object CMakeFiles/bound_mpc_msg__rosidl_typesupport_c.dir/rosidl_typesupport_c/bound_mpc_msg/srv/mpc_params__type_support.cpp.o
[ 48%] Linking CXX shared library libbound_mpc_msg__rosidl_typesupport_c.so
[ 49%] Building CXX object CMakeFiles/bound_mpc_msg__rosidl_typesupport_fastrtps_cpp.dir/rosidl_typesupport_fastrtps_cpp/bound_mpc_msg/msg/detail/dds_fastrtps/vector__type_support.cpp.o
[ 53%] Building CXX object CMakeFiles/bound_mpc_msg__rosidl_typesupport_fastrtps_cpp.dir/rosidl_typesupport_fastrtps_cpp/bound_mpc_msg/msg/detail/dds_fastrtps/mujoco_data__type_support.cpp.o
[ 53%] Building CXX object CMakeFiles/bound_mpc_msg__rosidl_typesupport_fastrtps_cpp.dir/rosidl_typesupport_fastrtps_cpp/bound_mpc_msg/msg/detail/dds_fastrtps/mpc_data__type_support.cpp.o
[ 53%] Building CXX object CMakeFiles/bound_mpc_msg__rosidl_typesupport_fastrtps_cpp.dir/rosidl_typesupport_fastrtps_cpp/bound_mpc_msg/msg/detail/dds_fastrtps/handover_data__type_support.cpp.o
[ 54%] Building CXX object CMakeFiles/bound_mpc_msg__rosidl_typesupport_fastrtps_cpp.dir/rosidl_typesupport_fastrtps_cpp/bound_mpc_msg/msg/detail/dds_fastrtps/handover_location__type_support.cpp.o
[ 55%] Building CXX object CMakeFiles/bound_mpc_msg__rosidl_typesupport_fastrtps_cpp.dir/rosidl_typesupport_fastrtps_cpp/bound_mpc_msg/srv/detail/dds_fastrtps/mpc_params__type_support.cpp.o
[ 56%] Building CXX object CMakeFiles/bound_mpc_msg__rosidl_typesupport_fastrtps_cpp.dir/rosidl_typesupport_fastrtps_cpp/bound_mpc_msg/srv/detail/dds_fastrtps/trajectory__type_support.cpp.o
[ 56%] Built target bound_mpc_msg__rosidl_typesupport_c
[ 58%] Linking CXX shared library libbound_mpc_msg__rosidl_typesupport_cpp.so
[ 59%] Building CXX object CMakeFiles/bound_mpc_msg__rosidl_typesupport_fastrtps_c.dir/rosidl_typesupport_fastrtps_c/bound_mpc_msg/msg/detail/vector__type_support_c.cpp.o
[ 62%] Building CXX object CMakeFiles/bound_mpc_msg__rosidl_typesupport_fastrtps_c.dir/rosidl_typesupport_fastrtps_c/bound_mpc_msg/srv/detail/mpc_params__type_support_c.cpp.o
[ 62%] Building CXX object CMakeFiles/bound_mpc_msg__rosidl_typesupport_fastrtps_c.dir/rosidl_typesupport_fastrtps_c/bound_mpc_msg/msg/detail/mujoco_data__type_support_c.cpp.o
[ 64%] Building CXX object CMakeFiles/bound_mpc_msg__rosidl_typesupport_fastrtps_c.dir/rosidl_typesupport_fastrtps_c/bound_mpc_msg/msg/detail/handover_data__type_support_c.cpp.o
[ 64%] Building CXX object CMakeFiles/bound_mpc_msg__rosidl_typesupport_fastrtps_c.dir/rosidl_typesupport_fastrtps_c/bound_mpc_msg/msg/detail/handover_location__type_support_c.cpp.o
[ 65%] Building CXX object CMakeFiles/bound_mpc_msg__rosidl_typesupport_fastrtps_c.dir/rosidl_typesupport_fastrtps_c/bound_mpc_msg/msg/detail/mpc_data__type_support_c.cpp.o
[ 67%] Building CXX object CMakeFiles/bound_mpc_msg__rosidl_typesupport_fastrtps_c.dir/rosidl_typesupport_fastrtps_c/bound_mpc_msg/srv/detail/trajectory__type_support_c.cpp.o
[ 67%] Built target bound_mpc_msg__rosidl_typesupport_cpp
[ 68%] Building C object CMakeFiles/bound_mpc_msg__rosidl_typesupport_introspection_c.dir/rosidl_typesupport_introspection_c/bound_mpc_msg/msg/detail/mpc_data__type_support.c.o
[ 69%] Building C object CMakeFiles/bound_mpc_msg__rosidl_typesupport_introspection_c.dir/rosidl_typesupport_introspection_c/bound_mpc_msg/msg/detail/vector__type_support.c.o
[ 70%] Building C object CMakeFiles/bound_mpc_msg__rosidl_typesupport_introspection_c.dir/rosidl_typesupport_introspection_c/bound_mpc_msg/msg/detail/handover_location__type_support.c.o
[ 73%] Building C object CMakeFiles/bound_mpc_msg__rosidl_typesupport_introspection_c.dir/rosidl_typesupport_introspection_c/bound_mpc_msg/msg/detail/handover_data__type_support.c.o
[ 72%] Building C object CMakeFiles/bound_mpc_msg__rosidl_typesupport_introspection_c.dir/rosidl_typesupport_introspection_c/bound_mpc_msg/msg/detail/mujoco_data__type_support.c.o
[ 74%] Building C object CMakeFiles/bound_mpc_msg__rosidl_typesupport_introspection_c.dir/rosidl_typesupport_introspection_c/bound_mpc_msg/srv/detail/mpc_params__type_support.c.o
[ 75%] Building C object CMakeFiles/bound_mpc_msg__rosidl_typesupport_introspection_c.dir/rosidl_typesupport_introspection_c/bound_mpc_msg/srv/detail/trajectory__type_support.c.o
[ 77%] Linking C shared library libbound_mpc_msg__rosidl_typesupport_introspection_c.so
[ 77%] Built target bound_mpc_msg__rosidl_typesupport_introspection_c
[ 78%] Linking CXX shared library libbound_mpc_msg__rosidl_typesupport_fastrtps_c.so
[ 79%] Linking CXX shared library libbound_mpc_msg__rosidl_typesupport_fastrtps_cpp.so
[ 81%] Linking CXX shared library libbound_mpc_msg__rosidl_typesupport_introspection_cpp.so
[ 81%] Built target bound_mpc_msg__rosidl_typesupport_fastrtps_c
[ 81%] Built target bound_mpc_msg__rosidl_typesupport_fastrtps_cpp
[ 81%] Built target bound_mpc_msg__rosidl_typesupport_introspection_cpp
[ 81%] Built target bound_mpc_msg
[ 82%] Generating Python code for ROS interfaces
Traceback (most recent call last):
  File "/opt/ros/humble/share/rosidl_generator_py/cmake/../../../lib/rosidl_generator_py/rosidl_generator_py", line 8, in <module>
    from rosidl_generator_py import generate_py
ImportError: cannot import name 'generate_py' from 'rosidl_generator_py' (/opt/ros/humble/local/lib/python3.10/dist-packages/rosidl_generator_py/__init__.py)
gmake[2]: *** [bound_mpc_msg__py/CMakeFiles/bound_mpc_msg__py.dir/build.make:200：rosidl_generator_py/bound_mpc_msg/_bound_mpc_msg_s.ep.rosidl_typesupport_fastrtps_c.c] 错误 1
gmake[1]: *** [CMakeFiles/Makefile2:590：bound_mpc_msg__py/CMakeFiles/bound_mpc_msg__py.dir/all] 错误 2
gmake: *** [Makefile:146：all] 错误 2
