[0.141s] Invoking command in '/home/eric/wjg/btry/tmp/process_scan_dependencies/ros_build/bound_mpc_msg': CMAKE_PREFIX_PATH=/opt/ros/humble CONDA_PROMPT_MODIFIER=(base) /usr/bin/cmake /home/eric/wjg/btry/tmp/process_scan_dependencies/BoundMPC/boundmpcmsg -DPython3_EXECUTABLE=/usr/bin/python3 -DCMAKE_INSTALL_PREFIX=/home/eric/wjg/btry/tmp/process_scan_dependencies/ros_install/bound_mpc_msg
[0.187s] -- The C compiler identification is GNU 9.5.0
[0.245s] -- The CXX compiler identification is GNU 9.5.0
[0.251s] -- Detecting C compiler ABI info
[0.294s] -- Detecting C compiler ABI info - done
[0.299s] -- Check for working C compiler: /usr/bin/cc - skipped
[0.300s] -- Detecting C compile features
[0.300s] -- Detecting C compile features - done
[0.303s] -- Detecting CXX compiler ABI info
[0.350s] -- Detecting CXX compiler ABI info - done
[0.353s] -- Check for working CXX compiler: /usr/bin/c++ - skipped
[0.353s] -- Detecting CXX compile features
[0.353s] -- Detecting CXX compile features - done
[0.360s] -- Found ament_cmake: 1.3.10 (/opt/ros/humble/share/ament_cmake/cmake)
[0.444s] -- Found Python3: /usr/bin/python3 (found version "3.10.12") found components: Interpreter 
[0.500s] -- Found rclpy: 3.3.14 (/opt/ros/humble/share/rclpy/cmake)
[0.502s] -- Found rclcpp: 16.0.10 (/opt/ros/humble/share/rclcpp/cmake)
[0.544s] -- Found rosidl_generator_c: 3.1.5 (/opt/ros/humble/share/rosidl_generator_c/cmake)
[0.551s] -- Found rosidl_adapter: 3.1.5 (/opt/ros/humble/share/rosidl_adapter/cmake)
[0.557s] -- Found rosidl_generator_cpp: 3.1.5 (/opt/ros/humble/share/rosidl_generator_cpp/cmake)
[0.566s] -- Using all available rosidl_typesupport_c: rosidl_typesupport_fastrtps_c;rosidl_typesupport_introspection_c
[0.576s] -- Using all available rosidl_typesupport_cpp: rosidl_typesupport_fastrtps_cpp;rosidl_typesupport_introspection_cpp
[0.606s] -- Found rmw_implementation_cmake: 6.1.2 (/opt/ros/humble/share/rmw_implementation_cmake/cmake)
[0.608s] -- Found rmw_fastrtps_cpp: 6.2.7 (/opt/ros/humble/share/rmw_fastrtps_cpp/cmake)
[0.666s] -- Found OpenSSL: /usr/lib/x86_64-linux-gnu/libcrypto.so (found version "3.0.2")  
[0.686s] -- Found FastRTPS: /opt/ros/humble/include  
[0.717s] -- Using RMW implementation 'rmw_fastrtps_cpp' as default
[0.724s] -- Looking for pthread.h
[0.768s] -- Looking for pthread.h - found
[0.768s] -- Performing Test CMAKE_HAVE_LIBC_PTHREAD
[0.808s] -- Performing Test CMAKE_HAVE_LIBC_PTHREAD - Success
[0.809s] -- Found Threads: TRUE  
[0.844s] -- Found geometry_msgs: 4.2.4 (/opt/ros/humble/share/geometry_msgs/cmake)
[0.853s] -- Found sensor_msgs: 4.2.4 (/opt/ros/humble/share/sensor_msgs/cmake)
[0.867s] -- Found rosidl_default_generators: 1.2.0 (/opt/ros/humble/share/rosidl_default_generators/cmake)
[1.071s] -- Found ament_cmake_ros: 0.10.0 (/opt/ros/humble/share/ament_cmake_ros/cmake)
[1.337s] -- Using all available rosidl_typesupport_c: rosidl_typesupport_fastrtps_c;rosidl_typesupport_introspection_c
[1.427s] -- Using all available rosidl_typesupport_cpp: rosidl_typesupport_fastrtps_cpp;rosidl_typesupport_introspection_cpp
[1.439s] -- Found PythonInterp: /home/eric/anaconda3/bin/python3 (found suitable version "3.12.7", minimum required is "3.6") 
[1.440s] -- Found python_cmake_module: 0.10.0 (/opt/ros/humble/share/python_cmake_module/cmake)
[1.457s] -- Found PythonLibs: /home/eric/anaconda3/lib/libpython3.12.so (found suitable version "3.12.7", minimum required is "3.5") 
[1.457s] -- Using PYTHON_EXECUTABLE: /home/eric/anaconda3/bin/python3
[1.457s] -- Using PYTHON_INCLUDE_DIRS: /home/eric/anaconda3/include/python3.12
[1.457s] -- Using PYTHON_LIBRARIES: /home/eric/anaconda3/lib/libpython3.12.so
[1.474s] -- Found PythonExtra: .so  
[1.567s] -- Using numpy include directory: /home/eric/anaconda3/lib/python3.12/site-packages/numpy/core/include
[1.577s] -- Configuring done
[1.598s] -- Generating done
[1.604s] -- Build files have been written to: /home/eric/wjg/btry/tmp/process_scan_dependencies/ros_build/bound_mpc_msg
[30.577s] Invoked command in '/home/eric/wjg/btry/tmp/process_scan_dependencies/ros_build/bound_mpc_msg' returned '0': CMAKE_PREFIX_PATH=/opt/ros/humble CONDA_PROMPT_MODIFIER=(base) /usr/bin/cmake /home/eric/wjg/btry/tmp/process_scan_dependencies/BoundMPC/boundmpcmsg -DPython3_EXECUTABLE=/usr/bin/python3 -DCMAKE_INSTALL_PREFIX=/home/eric/wjg/btry/tmp/process_scan_dependencies/ros_install/bound_mpc_msg
[30.578s] Invoking command in '/home/eric/wjg/btry/tmp/process_scan_dependencies/ros_build/bound_mpc_msg': CMAKE_PREFIX_PATH=/opt/ros/humble CONDA_PROMPT_MODIFIER=(base) /usr/bin/cmake --build /home/eric/wjg/btry/tmp/process_scan_dependencies/ros_build/bound_mpc_msg -- -j24 -l24
[30.603s] [  1%] Generating C code for ROS interfaces
[30.608s] [  2%] Generating C++ code for ROS interfaces
[30.612s] [  2%] Built target ament_cmake_python_copy_bound_mpc_msg
[30.734s] running egg_info
[30.735s] creating bound_mpc_msg.egg-info
[30.735s] writing bound_mpc_msg.egg-info/PKG-INFO
[30.735s] writing dependency_links to bound_mpc_msg.egg-info/dependency_links.txt
[30.735s] writing top-level names to bound_mpc_msg.egg-info/top_level.txt
[30.735s] writing manifest file 'bound_mpc_msg.egg-info/SOURCES.txt'
[30.736s] reading manifest file 'bound_mpc_msg.egg-info/SOURCES.txt'
[30.737s] writing manifest file 'bound_mpc_msg.egg-info/SOURCES.txt'
[30.751s] [  2%] Built target ament_cmake_python_build_bound_mpc_msg_egg
[31.001s] [  3%] Building C object CMakeFiles/bound_mpc_msg__rosidl_generator_c.dir/rosidl_generator_c/bound_mpc_msg/msg/detail/handover_location__functions.c.o
[31.001s] [  5%] Building C object CMakeFiles/bound_mpc_msg__rosidl_generator_c.dir/rosidl_generator_c/bound_mpc_msg/msg/detail/mpc_data__functions.c.o
[31.002s] [  6%] Building C object CMakeFiles/bound_mpc_msg__rosidl_generator_c.dir/rosidl_generator_c/bound_mpc_msg/msg/detail/handover_data__functions.c.o
[31.002s] [  7%] Building C object CMakeFiles/bound_mpc_msg__rosidl_generator_c.dir/rosidl_generator_c/bound_mpc_msg/msg/detail/vector__functions.c.o
[31.002s] [  8%] Building C object CMakeFiles/bound_mpc_msg__rosidl_generator_c.dir/rosidl_generator_c/bound_mpc_msg/srv/detail/mpc_params__functions.c.o
[31.002s] [ 10%] Building C object CMakeFiles/bound_mpc_msg__rosidl_generator_c.dir/rosidl_generator_c/bound_mpc_msg/msg/detail/mujoco_data__functions.c.o
[31.004s] [ 11%] Building C object CMakeFiles/bound_mpc_msg__rosidl_generator_c.dir/rosidl_generator_c/bound_mpc_msg/srv/detail/trajectory__functions.c.o
[31.009s] [ 11%] Built target bound_mpc_msg__cpp
[31.014s] [ 12%] Generating C++ type support dispatch for ROS interfaces
[31.015s] [ 13%] Generating C++ introspection for ROS interfaces
[31.015s] [ 15%] Generating C++ type support for eProsima Fast-RTPS
[31.042s] [ 16%] Linking C shared library libbound_mpc_msg__rosidl_generator_c.so
[31.065s] [ 16%] Built target bound_mpc_msg__rosidl_generator_c
[31.071s] [ 17%] Generating C type support for eProsima Fast-RTPS
[31.072s] [ 20%] Generating C introspection for ROS interfaces
[31.073s] [ 20%] Generating C type support dispatch for ROS interfaces
[31.317s] [ 21%] Building CXX object CMakeFiles/bound_mpc_msg__rosidl_typesupport_cpp.dir/rosidl_typesupport_cpp/bound_mpc_msg/msg/vector__type_support.cpp.o
[31.318s] [ 24%] Building CXX object CMakeFiles/bound_mpc_msg__rosidl_typesupport_cpp.dir/rosidl_typesupport_cpp/bound_mpc_msg/msg/mujoco_data__type_support.cpp.o
[31.318s] [ 24%] Building CXX object CMakeFiles/bound_mpc_msg__rosidl_typesupport_cpp.dir/rosidl_typesupport_cpp/bound_mpc_msg/msg/handover_location__type_support.cpp.o
[31.319s] [ 25%] Building CXX object CMakeFiles/bound_mpc_msg__rosidl_typesupport_cpp.dir/rosidl_typesupport_cpp/bound_mpc_msg/msg/mpc_data__type_support.cpp.o
[31.319s] [ 26%] Building CXX object CMakeFiles/bound_mpc_msg__rosidl_typesupport_cpp.dir/rosidl_typesupport_cpp/bound_mpc_msg/srv/trajectory__type_support.cpp.o
[31.319s] [ 29%] Building CXX object CMakeFiles/bound_mpc_msg__rosidl_typesupport_cpp.dir/rosidl_typesupport_cpp/bound_mpc_msg/srv/mpc_params__type_support.cpp.o
[31.319s] [ 29%] Building CXX object CMakeFiles/bound_mpc_msg__rosidl_typesupport_cpp.dir/rosidl_typesupport_cpp/bound_mpc_msg/msg/handover_data__type_support.cpp.o
[31.368s] [ 31%] Building CXX object CMakeFiles/bound_mpc_msg__rosidl_typesupport_introspection_cpp.dir/rosidl_typesupport_introspection_cpp/bound_mpc_msg/msg/detail/vector__type_support.cpp.o
[31.368s] [ 31%] Building CXX object CMakeFiles/bound_mpc_msg__rosidl_typesupport_introspection_cpp.dir/rosidl_typesupport_introspection_cpp/bound_mpc_msg/msg/detail/handover_location__type_support.cpp.o
[31.368s] [ 32%] Building CXX object CMakeFiles/bound_mpc_msg__rosidl_typesupport_introspection_cpp.dir/rosidl_typesupport_introspection_cpp/bound_mpc_msg/srv/detail/mpc_params__type_support.cpp.o
[31.368s] [ 34%] Building CXX object CMakeFiles/bound_mpc_msg__rosidl_typesupport_introspection_cpp.dir/rosidl_typesupport_introspection_cpp/bound_mpc_msg/msg/detail/mpc_data__type_support.cpp.o
[31.369s] [ 35%] Building CXX object CMakeFiles/bound_mpc_msg__rosidl_typesupport_introspection_cpp.dir/rosidl_typesupport_introspection_cpp/bound_mpc_msg/srv/detail/trajectory__type_support.cpp.o
[31.369s] [ 37%] Building CXX object CMakeFiles/bound_mpc_msg__rosidl_typesupport_introspection_cpp.dir/rosidl_typesupport_introspection_cpp/bound_mpc_msg/msg/detail/handover_data__type_support.cpp.o
[31.369s] [ 37%] Building CXX object CMakeFiles/bound_mpc_msg__rosidl_typesupport_introspection_cpp.dir/rosidl_typesupport_introspection_cpp/bound_mpc_msg/msg/detail/mujoco_data__type_support.cpp.o
[31.376s] [ 39%] Building CXX object CMakeFiles/bound_mpc_msg__rosidl_typesupport_c.dir/rosidl_typesupport_c/bound_mpc_msg/msg/handover_data__type_support.cpp.o
[31.376s] [ 40%] Building CXX object CMakeFiles/bound_mpc_msg__rosidl_typesupport_c.dir/rosidl_typesupport_c/bound_mpc_msg/msg/mpc_data__type_support.cpp.o
[31.376s] [ 41%] Building CXX object CMakeFiles/bound_mpc_msg__rosidl_typesupport_c.dir/rosidl_typesupport_c/bound_mpc_msg/msg/vector__type_support.cpp.o
[31.376s] [ 43%] Building CXX object CMakeFiles/bound_mpc_msg__rosidl_typesupport_c.dir/rosidl_typesupport_c/bound_mpc_msg/msg/handover_location__type_support.cpp.o
[31.376s] [ 44%] Building CXX object CMakeFiles/bound_mpc_msg__rosidl_typesupport_c.dir/rosidl_typesupport_c/bound_mpc_msg/msg/mujoco_data__type_support.cpp.o
[31.378s] [ 45%] Building CXX object CMakeFiles/bound_mpc_msg__rosidl_typesupport_c.dir/rosidl_typesupport_c/bound_mpc_msg/srv/trajectory__type_support.cpp.o
[31.380s] [ 46%] Building CXX object CMakeFiles/bound_mpc_msg__rosidl_typesupport_c.dir/rosidl_typesupport_c/bound_mpc_msg/srv/mpc_params__type_support.cpp.o
[31.405s] [ 48%] Linking CXX shared library libbound_mpc_msg__rosidl_typesupport_c.so
[31.421s] [ 49%] Building CXX object CMakeFiles/bound_mpc_msg__rosidl_typesupport_fastrtps_cpp.dir/rosidl_typesupport_fastrtps_cpp/bound_mpc_msg/msg/detail/dds_fastrtps/vector__type_support.cpp.o
[31.421s] [ 53%] Building CXX object CMakeFiles/bound_mpc_msg__rosidl_typesupport_fastrtps_cpp.dir/rosidl_typesupport_fastrtps_cpp/bound_mpc_msg/msg/detail/dds_fastrtps/mujoco_data__type_support.cpp.o
[31.422s] [ 53%] Building CXX object CMakeFiles/bound_mpc_msg__rosidl_typesupport_fastrtps_cpp.dir/rosidl_typesupport_fastrtps_cpp/bound_mpc_msg/msg/detail/dds_fastrtps/mpc_data__type_support.cpp.o
[31.422s] [ 53%] Building CXX object CMakeFiles/bound_mpc_msg__rosidl_typesupport_fastrtps_cpp.dir/rosidl_typesupport_fastrtps_cpp/bound_mpc_msg/msg/detail/dds_fastrtps/handover_data__type_support.cpp.o
[31.422s] [ 54%] Building CXX object CMakeFiles/bound_mpc_msg__rosidl_typesupport_fastrtps_cpp.dir/rosidl_typesupport_fastrtps_cpp/bound_mpc_msg/msg/detail/dds_fastrtps/handover_location__type_support.cpp.o
[31.422s] [ 55%] Building CXX object CMakeFiles/bound_mpc_msg__rosidl_typesupport_fastrtps_cpp.dir/rosidl_typesupport_fastrtps_cpp/bound_mpc_msg/srv/detail/dds_fastrtps/mpc_params__type_support.cpp.o
[31.422s] [ 56%] Building CXX object CMakeFiles/bound_mpc_msg__rosidl_typesupport_fastrtps_cpp.dir/rosidl_typesupport_fastrtps_cpp/bound_mpc_msg/srv/detail/dds_fastrtps/trajectory__type_support.cpp.o
[31.449s] [ 56%] Built target bound_mpc_msg__rosidl_typesupport_c
[31.519s] [ 58%] Linking CXX shared library libbound_mpc_msg__rosidl_typesupport_cpp.so
[31.519s] [ 59%] Building CXX object CMakeFiles/bound_mpc_msg__rosidl_typesupport_fastrtps_c.dir/rosidl_typesupport_fastrtps_c/bound_mpc_msg/msg/detail/vector__type_support_c.cpp.o
[31.519s] [ 62%] Building CXX object CMakeFiles/bound_mpc_msg__rosidl_typesupport_fastrtps_c.dir/rosidl_typesupport_fastrtps_c/bound_mpc_msg/srv/detail/mpc_params__type_support_c.cpp.o
[31.519s] [ 62%] Building CXX object CMakeFiles/bound_mpc_msg__rosidl_typesupport_fastrtps_c.dir/rosidl_typesupport_fastrtps_c/bound_mpc_msg/msg/detail/mujoco_data__type_support_c.cpp.o
[31.519s] [ 64%] Building CXX object CMakeFiles/bound_mpc_msg__rosidl_typesupport_fastrtps_c.dir/rosidl_typesupport_fastrtps_c/bound_mpc_msg/msg/detail/handover_data__type_support_c.cpp.o
[31.519s] [ 64%] Building CXX object CMakeFiles/bound_mpc_msg__rosidl_typesupport_fastrtps_c.dir/rosidl_typesupport_fastrtps_c/bound_mpc_msg/msg/detail/handover_location__type_support_c.cpp.o
[31.519s] [ 65%] Building CXX object CMakeFiles/bound_mpc_msg__rosidl_typesupport_fastrtps_c.dir/rosidl_typesupport_fastrtps_c/bound_mpc_msg/msg/detail/mpc_data__type_support_c.cpp.o
[31.523s] [ 67%] Building CXX object CMakeFiles/bound_mpc_msg__rosidl_typesupport_fastrtps_c.dir/rosidl_typesupport_fastrtps_c/bound_mpc_msg/srv/detail/trajectory__type_support_c.cpp.o
[31.557s] [ 67%] Built target bound_mpc_msg__rosidl_typesupport_cpp
[31.607s] [ 68%] Building C object CMakeFiles/bound_mpc_msg__rosidl_typesupport_introspection_c.dir/rosidl_typesupport_introspection_c/bound_mpc_msg/msg/detail/mpc_data__type_support.c.o
[31.607s] [ 69%] Building C object CMakeFiles/bound_mpc_msg__rosidl_typesupport_introspection_c.dir/rosidl_typesupport_introspection_c/bound_mpc_msg/msg/detail/vector__type_support.c.o
[31.611s] [ 70%] Building C object CMakeFiles/bound_mpc_msg__rosidl_typesupport_introspection_c.dir/rosidl_typesupport_introspection_c/bound_mpc_msg/msg/detail/handover_location__type_support.c.o
[31.614s] [ 73%] Building C object CMakeFiles/bound_mpc_msg__rosidl_typesupport_introspection_c.dir/rosidl_typesupport_introspection_c/bound_mpc_msg/msg/detail/handover_data__type_support.c.o
[31.614s] [ 72%] Building C object CMakeFiles/bound_mpc_msg__rosidl_typesupport_introspection_c.dir/rosidl_typesupport_introspection_c/bound_mpc_msg/msg/detail/mujoco_data__type_support.c.o
[31.643s] [ 74%] Building C object CMakeFiles/bound_mpc_msg__rosidl_typesupport_introspection_c.dir/rosidl_typesupport_introspection_c/bound_mpc_msg/srv/detail/mpc_params__type_support.c.o
[31.645s] [ 75%] Building C object CMakeFiles/bound_mpc_msg__rosidl_typesupport_introspection_c.dir/rosidl_typesupport_introspection_c/bound_mpc_msg/srv/detail/trajectory__type_support.c.o
[31.731s] [ 77%] Linking C shared library libbound_mpc_msg__rosidl_typesupport_introspection_c.so
[31.750s] [ 77%] Built target bound_mpc_msg__rosidl_typesupport_introspection_c
[31.779s] [ 78%] Linking CXX shared library libbound_mpc_msg__rosidl_typesupport_fastrtps_c.so
[31.797s] [ 79%] Linking CXX shared library libbound_mpc_msg__rosidl_typesupport_fastrtps_cpp.so
[31.799s] [ 81%] Linking CXX shared library libbound_mpc_msg__rosidl_typesupport_introspection_cpp.so
[31.823s] [ 81%] Built target bound_mpc_msg__rosidl_typesupport_fastrtps_c
[31.841s] [ 81%] Built target bound_mpc_msg__rosidl_typesupport_fastrtps_cpp
[31.845s] [ 81%] Built target bound_mpc_msg__rosidl_typesupport_introspection_cpp
[31.855s] [ 81%] Built target bound_mpc_msg
[31.867s] [ 82%] Generating Python code for ROS interfaces
[31.892s] Traceback (most recent call last):
[31.892s]   File "/opt/ros/humble/share/rosidl_generator_py/cmake/../../../lib/rosidl_generator_py/rosidl_generator_py", line 8, in <module>
[31.892s]     from rosidl_generator_py import generate_py
[31.892s] ImportError: cannot import name 'generate_py' from 'rosidl_generator_py' (/opt/ros/humble/local/lib/python3.10/dist-packages/rosidl_generator_py/__init__.py)
[31.895s] gmake[2]: *** [bound_mpc_msg__py/CMakeFiles/bound_mpc_msg__py.dir/build.make:200：rosidl_generator_py/bound_mpc_msg/_bound_mpc_msg_s.ep.rosidl_typesupport_fastrtps_c.c] 错误 1
[31.895s] gmake[1]: *** [CMakeFiles/Makefile2:590：bound_mpc_msg__py/CMakeFiles/bound_mpc_msg__py.dir/all] 错误 2
[31.896s] gmake: *** [Makefile:146：all] 错误 2
[60.608s] Invoked command in '/home/eric/wjg/btry/tmp/process_scan_dependencies/ros_build/bound_mpc_msg' returned '2': CMAKE_PREFIX_PATH=/opt/ros/humble CONDA_PROMPT_MODIFIER=(base) /usr/bin/cmake --build /home/eric/wjg/btry/tmp/process_scan_dependencies/ros_build/bound_mpc_msg -- -j24 -l24
