[0.068s] colcon DEBUG Command line arguments: ['/usr/lib/python3/dist-packages/colcon/__main__.py', '--log-base', '/home/eric/wjg/btry/tmp/process_scan_dependencies/ros_log_310', 'build', '--base-paths', '/home/eric/wjg/btry/tmp/process_scan_dependencies/BoundMPC/boundmpcmsg', '/home/eric/wjg/btry/tmp/process_scan_dependencies/BoundMPC/bound_mpc', '--build-base', '/home/eric/wjg/btry/tmp/process_scan_dependencies/ros_build_310', '--install-base', '/home/eric/wjg/btry/tmp/process_scan_dependencies/ros_install_310', '--cmake-args', '-DPYTHON_EXECUTABLE=/usr/bin/python3', '-DPython3_EXECUTABLE=/usr/bin/python3']
[0.068s] colcon DEBUG Parsed command line arguments: Namespace(log_base='/home/eric/wjg/btry/tmp/process_scan_dependencies/ros_log_310', log_level=None, verb_name='build', build_base='/home/eric/wjg/btry/tmp/process_scan_dependencies/ros_build_310', install_base='/home/eric/wjg/btry/tmp/process_scan_dependencies/ros_install_310', merge_install=False, symlink_install=False, test_result_base=None, continue_on_error=False, executor='parallel', parallel_workers=24, event_handlers=None, ignore_user_meta=False, metas=['./colcon.meta'], base_paths=['/home/eric/wjg/btry/tmp/process_scan_dependencies/BoundMPC/boundmpcmsg', '/home/eric/wjg/btry/tmp/process_scan_dependencies/BoundMPC/bound_mpc'], packages_ignore=None, packages_ignore_regex=None, paths=None, packages_up_to=None, packages_up_to_regex=None, packages_above=None, packages_above_and_dependencies=None, packages_above_depth=None, packages_select_by_dep=None, packages_skip_by_dep=None, packages_skip_up_to=None, packages_select_build_failed=False, packages_skip_build_finished=False, packages_select_test_failures=False, packages_skip_test_passed=False, packages_select=None, packages_skip=None, packages_select_regex=None, packages_skip_regex=None, packages_start=None, packages_end=None, allow_overriding=[], cmake_args=['-DPYTHON_EXECUTABLE=/usr/bin/python3', '-DPython3_EXECUTABLE=/usr/bin/python3'], cmake_target=None, cmake_target_skip_unavailable=False, cmake_clean_cache=False, cmake_clean_first=False, cmake_force_configure=False, ament_cmake_args=None, catkin_cmake_args=None, catkin_skip_building_tests=False, verb_parser=<colcon_defaults.argument_parser.defaults.DefaultArgumentsDecorator object at 0x701850135a50>, verb_extension=<colcon_core.verb.build.BuildVerb object at 0x701850135540>, main=<bound method BuildVerb.main of <colcon_core.verb.build.BuildVerb object at 0x701850135540>>)
[0.150s] colcon.colcon_core.package_discovery Level 1 discover_packages(colcon_meta) check parameters
[0.151s] colcon.colcon_core.package_discovery Level 1 discover_packages(recursive) check parameters
[0.151s] colcon.colcon_core.package_discovery Level 1 discover_packages(ignore) check parameters
[0.151s] colcon.colcon_core.package_discovery Level 1 discover_packages(path) check parameters
[0.151s] colcon.colcon_core.package_discovery Level 1 discover_packages(recursive) discover
[0.151s] colcon.colcon_core.package_discovery INFO Crawling recursively for packages in '/home/eric/wjg/btry/tmp/process_scan_dependencies/BoundMPC/boundmpcmsg', '/home/eric/wjg/btry/tmp/process_scan_dependencies/BoundMPC/bound_mpc'
[0.151s] colcon.colcon_core.package_identification Level 1 _identify(/home/eric/wjg/btry/tmp/process_scan_dependencies/BoundMPC/boundmpcmsg) by extensions ['ignore', 'ignore_ament_install']
[0.151s] colcon.colcon_core.package_identification Level 1 _identify(/home/eric/wjg/btry/tmp/process_scan_dependencies/BoundMPC/boundmpcmsg) by extension 'ignore'
[0.151s] colcon.colcon_core.package_identification Level 1 _identify(/home/eric/wjg/btry/tmp/process_scan_dependencies/BoundMPC/boundmpcmsg) by extension 'ignore_ament_install'
[0.151s] colcon.colcon_core.package_identification Level 1 _identify(/home/eric/wjg/btry/tmp/process_scan_dependencies/BoundMPC/boundmpcmsg) by extensions ['colcon_pkg']
[0.151s] colcon.colcon_core.package_identification Level 1 _identify(/home/eric/wjg/btry/tmp/process_scan_dependencies/BoundMPC/boundmpcmsg) by extension 'colcon_pkg'
[0.151s] colcon.colcon_core.package_identification Level 1 _identify(/home/eric/wjg/btry/tmp/process_scan_dependencies/BoundMPC/boundmpcmsg) by extensions ['colcon_meta']
[0.151s] colcon.colcon_core.package_identification Level 1 _identify(/home/eric/wjg/btry/tmp/process_scan_dependencies/BoundMPC/boundmpcmsg) by extension 'colcon_meta'
[0.151s] colcon.colcon_core.package_identification Level 1 _identify(/home/eric/wjg/btry/tmp/process_scan_dependencies/BoundMPC/boundmpcmsg) by extensions ['ros']
[0.151s] colcon.colcon_core.package_identification Level 1 _identify(/home/eric/wjg/btry/tmp/process_scan_dependencies/BoundMPC/boundmpcmsg) by extension 'ros'
[0.167s] colcon.colcon_core.package_identification DEBUG Package '/home/eric/wjg/btry/tmp/process_scan_dependencies/BoundMPC/boundmpcmsg' with type 'ros.ament_cmake' and name 'bound_mpc_msg'
[0.167s] colcon.colcon_core.package_identification Level 1 _identify(/home/eric/wjg/btry/tmp/process_scan_dependencies/BoundMPC/bound_mpc) by extensions ['ignore', 'ignore_ament_install']
[0.167s] colcon.colcon_core.package_identification Level 1 _identify(/home/eric/wjg/btry/tmp/process_scan_dependencies/BoundMPC/bound_mpc) by extension 'ignore'
[0.167s] colcon.colcon_core.package_identification Level 1 _identify(/home/eric/wjg/btry/tmp/process_scan_dependencies/BoundMPC/bound_mpc) by extension 'ignore_ament_install'
[0.167s] colcon.colcon_core.package_identification Level 1 _identify(/home/eric/wjg/btry/tmp/process_scan_dependencies/BoundMPC/bound_mpc) by extensions ['colcon_pkg']
[0.167s] colcon.colcon_core.package_identification Level 1 _identify(/home/eric/wjg/btry/tmp/process_scan_dependencies/BoundMPC/bound_mpc) by extension 'colcon_pkg'
[0.167s] colcon.colcon_core.package_identification Level 1 _identify(/home/eric/wjg/btry/tmp/process_scan_dependencies/BoundMPC/bound_mpc) by extensions ['colcon_meta']
[0.167s] colcon.colcon_core.package_identification Level 1 _identify(/home/eric/wjg/btry/tmp/process_scan_dependencies/BoundMPC/bound_mpc) by extension 'colcon_meta'
[0.167s] colcon.colcon_core.package_identification Level 1 _identify(/home/eric/wjg/btry/tmp/process_scan_dependencies/BoundMPC/bound_mpc) by extensions ['ros']
[0.167s] colcon.colcon_core.package_identification Level 1 _identify(/home/eric/wjg/btry/tmp/process_scan_dependencies/BoundMPC/bound_mpc) by extension 'ros'
[0.168s] colcon.colcon_core.package_identification DEBUG Package '/home/eric/wjg/btry/tmp/process_scan_dependencies/BoundMPC/bound_mpc' with type 'ros.ament_python' and name 'bound_mpc'
[0.168s] colcon.colcon_core.package_discovery Level 1 discover_packages(recursive) using defaults
[0.175s] colcon.colcon_core.package_discovery Level 1 discover_packages(prefix_path) check parameters
[0.175s] colcon.colcon_core.package_discovery Level 1 discover_packages(prefix_path) discover
[0.176s] colcon.colcon_installed_package_information.package_discovery DEBUG Found 435 installed packages in /opt/ros/humble
[0.177s] colcon.colcon_core.package_discovery Level 1 discover_packages(prefix_path) using defaults
[0.198s] colcon.colcon_core.verb Level 5 set package 'bound_mpc' build argument 'cmake_args' from command line to '['-DPYTHON_EXECUTABLE=/usr/bin/python3', '-DPython3_EXECUTABLE=/usr/bin/python3']'
[0.198s] colcon.colcon_core.verb Level 5 set package 'bound_mpc' build argument 'cmake_target' from command line to 'None'
[0.198s] colcon.colcon_core.verb Level 5 set package 'bound_mpc' build argument 'cmake_target_skip_unavailable' from command line to 'False'
[0.198s] colcon.colcon_core.verb Level 5 set package 'bound_mpc' build argument 'cmake_clean_cache' from command line to 'False'
[0.198s] colcon.colcon_core.verb Level 5 set package 'bound_mpc' build argument 'cmake_clean_first' from command line to 'False'
[0.198s] colcon.colcon_core.verb Level 5 set package 'bound_mpc' build argument 'cmake_force_configure' from command line to 'False'
[0.198s] colcon.colcon_core.verb Level 5 set package 'bound_mpc' build argument 'ament_cmake_args' from command line to 'None'
[0.198s] colcon.colcon_core.verb Level 5 set package 'bound_mpc' build argument 'catkin_cmake_args' from command line to 'None'
[0.198s] colcon.colcon_core.verb Level 5 set package 'bound_mpc' build argument 'catkin_skip_building_tests' from command line to 'False'
[0.199s] colcon.colcon_core.verb DEBUG Building package 'bound_mpc' with the following arguments: {'ament_cmake_args': None, 'build_base': '/home/eric/wjg/btry/tmp/process_scan_dependencies/ros_build_310/bound_mpc', 'catkin_cmake_args': None, 'catkin_skip_building_tests': False, 'cmake_args': ['-DPYTHON_EXECUTABLE=/usr/bin/python3', '-DPython3_EXECUTABLE=/usr/bin/python3'], 'cmake_clean_cache': False, 'cmake_clean_first': False, 'cmake_force_configure': False, 'cmake_target': None, 'cmake_target_skip_unavailable': False, 'install_base': '/home/eric/wjg/btry/tmp/process_scan_dependencies/ros_install_310/bound_mpc', 'merge_install': False, 'path': '/home/eric/wjg/btry/tmp/process_scan_dependencies/BoundMPC/bound_mpc', 'symlink_install': False, 'test_result_base': None}
[0.199s] colcon.colcon_core.verb Level 5 set package 'bound_mpc_msg' build argument 'cmake_args' from command line to '['-DPYTHON_EXECUTABLE=/usr/bin/python3', '-DPython3_EXECUTABLE=/usr/bin/python3']'
[0.199s] colcon.colcon_core.verb Level 5 set package 'bound_mpc_msg' build argument 'cmake_target' from command line to 'None'
[0.199s] colcon.colcon_core.verb Level 5 set package 'bound_mpc_msg' build argument 'cmake_target_skip_unavailable' from command line to 'False'
[0.199s] colcon.colcon_core.verb Level 5 set package 'bound_mpc_msg' build argument 'cmake_clean_cache' from command line to 'False'
[0.199s] colcon.colcon_core.verb Level 5 set package 'bound_mpc_msg' build argument 'cmake_clean_first' from command line to 'False'
[0.199s] colcon.colcon_core.verb Level 5 set package 'bound_mpc_msg' build argument 'cmake_force_configure' from command line to 'False'
[0.199s] colcon.colcon_core.verb Level 5 set package 'bound_mpc_msg' build argument 'ament_cmake_args' from command line to 'None'
[0.199s] colcon.colcon_core.verb Level 5 set package 'bound_mpc_msg' build argument 'catkin_cmake_args' from command line to 'None'
[0.199s] colcon.colcon_core.verb Level 5 set package 'bound_mpc_msg' build argument 'catkin_skip_building_tests' from command line to 'False'
[0.199s] colcon.colcon_core.verb DEBUG Building package 'bound_mpc_msg' with the following arguments: {'ament_cmake_args': None, 'build_base': '/home/eric/wjg/btry/tmp/process_scan_dependencies/ros_build_310/bound_mpc_msg', 'catkin_cmake_args': None, 'catkin_skip_building_tests': False, 'cmake_args': ['-DPYTHON_EXECUTABLE=/usr/bin/python3', '-DPython3_EXECUTABLE=/usr/bin/python3'], 'cmake_clean_cache': False, 'cmake_clean_first': False, 'cmake_force_configure': False, 'cmake_target': None, 'cmake_target_skip_unavailable': False, 'install_base': '/home/eric/wjg/btry/tmp/process_scan_dependencies/ros_install_310/bound_mpc_msg', 'merge_install': False, 'path': '/home/eric/wjg/btry/tmp/process_scan_dependencies/BoundMPC/boundmpcmsg', 'symlink_install': False, 'test_result_base': None}
[0.199s] colcon.colcon_core.executor INFO Executing jobs using 'parallel' executor
[0.199s] colcon.colcon_parallel_executor.executor.parallel DEBUG run_until_complete
[0.199s] colcon.colcon_ros.task.ament_python.build INFO Building ROS package in '/home/eric/wjg/btry/tmp/process_scan_dependencies/BoundMPC/bound_mpc' with build type 'ament_python'
[0.199s] colcon.colcon_core.shell Level 1 create_environment_hook('bound_mpc', 'ament_prefix_path')
[0.200s] colcon.colcon_core.plugin_system INFO Skipping extension 'colcon_core.shell.bat': Not used on non-Windows systems
[0.200s] colcon.colcon_core.shell INFO Creating environment hook '/home/eric/wjg/btry/tmp/process_scan_dependencies/ros_install_310/bound_mpc/share/bound_mpc/hook/ament_prefix_path.ps1'
[0.201s] colcon.colcon_core.shell INFO Creating environment descriptor '/home/eric/wjg/btry/tmp/process_scan_dependencies/ros_install_310/bound_mpc/share/bound_mpc/hook/ament_prefix_path.dsv'
[0.201s] colcon.colcon_core.shell INFO Creating environment hook '/home/eric/wjg/btry/tmp/process_scan_dependencies/ros_install_310/bound_mpc/share/bound_mpc/hook/ament_prefix_path.sh'
[0.201s] colcon.colcon_core.shell INFO Skip shell extension 'powershell' for command environment: Not usable outside of PowerShell
[0.201s] colcon.colcon_core.shell DEBUG Skip shell extension 'dsv' for command environment
[0.203s] colcon.colcon_ros.task.ament_cmake.build INFO Building ROS package in '/home/eric/wjg/btry/tmp/process_scan_dependencies/BoundMPC/boundmpcmsg' with build type 'ament_cmake'
[0.203s] colcon.colcon_cmake.task.cmake.build INFO Building CMake package in '/home/eric/wjg/btry/tmp/process_scan_dependencies/BoundMPC/boundmpcmsg'
[0.203s] colcon.colcon_core.shell INFO Skip shell extension 'powershell' for command environment: Not usable outside of PowerShell
[0.203s] colcon.colcon_core.shell DEBUG Skip shell extension 'dsv' for command environment
[0.338s] colcon.colcon_core.task.python.build INFO Building Python package in '/home/eric/wjg/btry/tmp/process_scan_dependencies/BoundMPC/bound_mpc'
[0.338s] colcon.colcon_core.shell INFO Skip shell extension 'powershell' for command environment: Not usable outside of PowerShell
[0.338s] colcon.colcon_core.shell DEBUG Skip shell extension 'dsv' for command environment
[0.342s] colcon.colcon_core.event_handler.log_command DEBUG Invoking command in '/home/eric/wjg/btry/tmp/process_scan_dependencies/ros_build_310/bound_mpc_msg': CMAKE_PREFIX_PATH=/opt/ros/humble CONDA_PROMPT_MODIFIER=(base) /usr/bin/cmake /home/eric/wjg/btry/tmp/process_scan_dependencies/BoundMPC/boundmpcmsg -DPYTHON_EXECUTABLE=/usr/bin/python3 -DPython3_EXECUTABLE=/usr/bin/python3 -DCMAKE_INSTALL_PREFIX=/home/eric/wjg/btry/tmp/process_scan_dependencies/ros_install_310/bound_mpc_msg
[0.515s] colcon.colcon_core.event_handler.log_command DEBUG Invoking command in '/home/eric/wjg/btry/tmp/process_scan_dependencies/BoundMPC/bound_mpc': CONDA_PROMPT_MODIFIER=(base) PYTHONPATH=/home/eric/wjg/btry/tmp/process_scan_dependencies/ros_build_310/bound_mpc/prefix_override:/usr/lib/python3/dist-packages/colcon_core/task/python/colcon_distutils_commands:/home/eric/wjg/btry/tmp/process_scan_dependencies/ros_install_310/bound_mpc/lib/python3.10/site-packages:${PYTHONPATH} /usr/bin/python3 -W ignore:setup.py install is deprecated -W ignore:easy_install command is deprecated setup.py egg_info --egg-base ../../ros_build_310/bound_mpc build --build-base /home/eric/wjg/btry/tmp/process_scan_dependencies/ros_build_310/bound_mpc/build install --record /home/eric/wjg/btry/tmp/process_scan_dependencies/ros_build_310/bound_mpc/install.log --single-version-externally-managed install_data
[0.742s] colcon.colcon_core.event_handler.log_command DEBUG Invoked command in '/home/eric/wjg/btry/tmp/process_scan_dependencies/BoundMPC/bound_mpc' returned '0': CONDA_PROMPT_MODIFIER=(base) PYTHONPATH=/home/eric/wjg/btry/tmp/process_scan_dependencies/ros_build_310/bound_mpc/prefix_override:/usr/lib/python3/dist-packages/colcon_core/task/python/colcon_distutils_commands:/home/eric/wjg/btry/tmp/process_scan_dependencies/ros_install_310/bound_mpc/lib/python3.10/site-packages:${PYTHONPATH} /usr/bin/python3 -W ignore:setup.py install is deprecated -W ignore:easy_install command is deprecated setup.py egg_info --egg-base ../../ros_build_310/bound_mpc build --build-base /home/eric/wjg/btry/tmp/process_scan_dependencies/ros_build_310/bound_mpc/build install --record /home/eric/wjg/btry/tmp/process_scan_dependencies/ros_build_310/bound_mpc/install.log --single-version-externally-managed install_data
[0.743s] colcon.colcon_core.environment Level 1 checking '/home/eric/wjg/btry/tmp/process_scan_dependencies/ros_install_310/bound_mpc' for CMake module files
[0.743s] colcon.colcon_core.environment Level 1 checking '/home/eric/wjg/btry/tmp/process_scan_dependencies/ros_install_310/bound_mpc' for CMake config files
[0.744s] colcon.colcon_core.environment Level 1 checking '/home/eric/wjg/btry/tmp/process_scan_dependencies/ros_install_310/bound_mpc/lib'
[0.744s] colcon.colcon_core.environment Level 1 checking '/home/eric/wjg/btry/tmp/process_scan_dependencies/ros_install_310/bound_mpc/bin'
[0.744s] colcon.colcon_core.environment Level 1 checking '/home/eric/wjg/btry/tmp/process_scan_dependencies/ros_install_310/bound_mpc/lib/pkgconfig/bound_mpc.pc'
[0.744s] colcon.colcon_core.environment Level 1 checking '/home/eric/wjg/btry/tmp/process_scan_dependencies/ros_install_310/bound_mpc/lib/python3.10/site-packages'
[0.744s] colcon.colcon_core.shell Level 1 create_environment_hook('bound_mpc', 'pythonpath')
[0.744s] colcon.colcon_core.shell INFO Creating environment hook '/home/eric/wjg/btry/tmp/process_scan_dependencies/ros_install_310/bound_mpc/share/bound_mpc/hook/pythonpath.ps1'
[0.744s] colcon.colcon_core.shell INFO Creating environment descriptor '/home/eric/wjg/btry/tmp/process_scan_dependencies/ros_install_310/bound_mpc/share/bound_mpc/hook/pythonpath.dsv'
[0.744s] colcon.colcon_core.shell INFO Creating environment hook '/home/eric/wjg/btry/tmp/process_scan_dependencies/ros_install_310/bound_mpc/share/bound_mpc/hook/pythonpath.sh'
[0.745s] colcon.colcon_core.environment Level 1 checking '/home/eric/wjg/btry/tmp/process_scan_dependencies/ros_install_310/bound_mpc/bin'
[0.745s] colcon.colcon_core.environment Level 1 create_environment_scripts_only(bound_mpc)
[0.745s] colcon.colcon_core.shell INFO Creating package script '/home/eric/wjg/btry/tmp/process_scan_dependencies/ros_install_310/bound_mpc/share/bound_mpc/package.ps1'
[0.745s] colcon.colcon_core.shell INFO Creating package descriptor '/home/eric/wjg/btry/tmp/process_scan_dependencies/ros_install_310/bound_mpc/share/bound_mpc/package.dsv'
[0.746s] colcon.colcon_core.shell INFO Creating package script '/home/eric/wjg/btry/tmp/process_scan_dependencies/ros_install_310/bound_mpc/share/bound_mpc/package.sh'
[0.746s] colcon.colcon_core.shell INFO Creating package script '/home/eric/wjg/btry/tmp/process_scan_dependencies/ros_install_310/bound_mpc/share/bound_mpc/package.bash'
[0.746s] colcon.colcon_core.shell INFO Creating package script '/home/eric/wjg/btry/tmp/process_scan_dependencies/ros_install_310/bound_mpc/share/bound_mpc/package.zsh'
[0.746s] colcon.colcon_core.environment Level 1 create_file_with_runtime_dependencies(/home/eric/wjg/btry/tmp/process_scan_dependencies/ros_install_310/bound_mpc/share/colcon-core/packages/bound_mpc)
[30.772s] colcon.colcon_core.event_handler.log_command DEBUG Invoked command in '/home/eric/wjg/btry/tmp/process_scan_dependencies/ros_build_310/bound_mpc_msg' returned '0': CMAKE_PREFIX_PATH=/opt/ros/humble CONDA_PROMPT_MODIFIER=(base) /usr/bin/cmake /home/eric/wjg/btry/tmp/process_scan_dependencies/BoundMPC/boundmpcmsg -DPYTHON_EXECUTABLE=/usr/bin/python3 -DPython3_EXECUTABLE=/usr/bin/python3 -DCMAKE_INSTALL_PREFIX=/home/eric/wjg/btry/tmp/process_scan_dependencies/ros_install_310/bound_mpc_msg
[30.773s] colcon.colcon_core.event_handler.log_command DEBUG Invoking command in '/home/eric/wjg/btry/tmp/process_scan_dependencies/ros_build_310/bound_mpc_msg': CMAKE_PREFIX_PATH=/opt/ros/humble CONDA_PROMPT_MODIFIER=(base) /usr/bin/cmake --build /home/eric/wjg/btry/tmp/process_scan_dependencies/ros_build_310/bound_mpc_msg -- -j24 -l24
[33.046s] colcon.colcon_core.event_handler.log_command DEBUG Invoked command in '/home/eric/wjg/btry/tmp/process_scan_dependencies/ros_build_310/bound_mpc_msg' returned '0': CMAKE_PREFIX_PATH=/opt/ros/humble CONDA_PROMPT_MODIFIER=(base) /usr/bin/cmake --build /home/eric/wjg/btry/tmp/process_scan_dependencies/ros_build_310/bound_mpc_msg -- -j24 -l24
[33.051s] colcon.colcon_core.event_handler.log_command DEBUG Invoking command in '/home/eric/wjg/btry/tmp/process_scan_dependencies/ros_build_310/bound_mpc_msg': CMAKE_PREFIX_PATH=/opt/ros/humble CONDA_PROMPT_MODIFIER=(base) /usr/bin/cmake --install /home/eric/wjg/btry/tmp/process_scan_dependencies/ros_build_310/bound_mpc_msg
[33.093s] colcon.colcon_core.environment Level 1 create_environment_scripts_only(bound_mpc_msg)
[33.093s] colcon.colcon_core.environment Level 1 checking '/home/eric/wjg/btry/tmp/process_scan_dependencies/ros_install_310/bound_mpc_msg' for CMake module files
[33.093s] colcon.colcon_core.event_handler.log_command DEBUG Invoked command in '/home/eric/wjg/btry/tmp/process_scan_dependencies/ros_build_310/bound_mpc_msg' returned '0': CMAKE_PREFIX_PATH=/opt/ros/humble CONDA_PROMPT_MODIFIER=(base) /usr/bin/cmake --install /home/eric/wjg/btry/tmp/process_scan_dependencies/ros_build_310/bound_mpc_msg
[33.093s] colcon.colcon_core.environment Level 1 checking '/home/eric/wjg/btry/tmp/process_scan_dependencies/ros_install_310/bound_mpc_msg' for CMake config files
[33.094s] colcon.colcon_core.shell Level 1 create_environment_hook('bound_mpc_msg', 'cmake_prefix_path')
[33.094s] colcon.colcon_core.shell INFO Creating environment hook '/home/eric/wjg/btry/tmp/process_scan_dependencies/ros_install_310/bound_mpc_msg/share/bound_mpc_msg/hook/cmake_prefix_path.ps1'
[33.094s] colcon.colcon_core.shell INFO Creating environment descriptor '/home/eric/wjg/btry/tmp/process_scan_dependencies/ros_install_310/bound_mpc_msg/share/bound_mpc_msg/hook/cmake_prefix_path.dsv'
[33.094s] colcon.colcon_core.shell INFO Creating environment hook '/home/eric/wjg/btry/tmp/process_scan_dependencies/ros_install_310/bound_mpc_msg/share/bound_mpc_msg/hook/cmake_prefix_path.sh'
[33.094s] colcon.colcon_core.environment Level 1 checking '/home/eric/wjg/btry/tmp/process_scan_dependencies/ros_install_310/bound_mpc_msg/lib'
[33.094s] colcon.colcon_core.shell Level 1 create_environment_hook('bound_mpc_msg', 'ld_library_path_lib')
[33.094s] colcon.colcon_core.shell INFO Creating environment hook '/home/eric/wjg/btry/tmp/process_scan_dependencies/ros_install_310/bound_mpc_msg/share/bound_mpc_msg/hook/ld_library_path_lib.ps1'
[33.095s] colcon.colcon_core.shell INFO Creating environment descriptor '/home/eric/wjg/btry/tmp/process_scan_dependencies/ros_install_310/bound_mpc_msg/share/bound_mpc_msg/hook/ld_library_path_lib.dsv'
[33.095s] colcon.colcon_core.shell INFO Creating environment hook '/home/eric/wjg/btry/tmp/process_scan_dependencies/ros_install_310/bound_mpc_msg/share/bound_mpc_msg/hook/ld_library_path_lib.sh'
[33.095s] colcon.colcon_core.environment Level 1 checking '/home/eric/wjg/btry/tmp/process_scan_dependencies/ros_install_310/bound_mpc_msg/bin'
[33.095s] colcon.colcon_core.environment Level 1 checking '/home/eric/wjg/btry/tmp/process_scan_dependencies/ros_install_310/bound_mpc_msg/lib/pkgconfig/bound_mpc_msg.pc'
[33.095s] colcon.colcon_core.environment Level 1 checking '/home/eric/wjg/btry/tmp/process_scan_dependencies/ros_install_310/bound_mpc_msg/lib/python3.10/site-packages'
[33.095s] colcon.colcon_core.environment Level 1 checking '/home/eric/wjg/btry/tmp/process_scan_dependencies/ros_install_310/bound_mpc_msg/bin'
[33.095s] colcon.colcon_core.shell INFO Creating package script '/home/eric/wjg/btry/tmp/process_scan_dependencies/ros_install_310/bound_mpc_msg/share/bound_mpc_msg/package.ps1'
[33.095s] colcon.colcon_core.shell INFO Creating package descriptor '/home/eric/wjg/btry/tmp/process_scan_dependencies/ros_install_310/bound_mpc_msg/share/bound_mpc_msg/package.dsv'
[33.095s] colcon.colcon_core.shell INFO Creating package script '/home/eric/wjg/btry/tmp/process_scan_dependencies/ros_install_310/bound_mpc_msg/share/bound_mpc_msg/package.sh'
[33.096s] colcon.colcon_core.shell INFO Creating package script '/home/eric/wjg/btry/tmp/process_scan_dependencies/ros_install_310/bound_mpc_msg/share/bound_mpc_msg/package.bash'
[33.096s] colcon.colcon_core.shell INFO Creating package script '/home/eric/wjg/btry/tmp/process_scan_dependencies/ros_install_310/bound_mpc_msg/share/bound_mpc_msg/package.zsh'
[33.096s] colcon.colcon_core.environment Level 1 create_file_with_runtime_dependencies(/home/eric/wjg/btry/tmp/process_scan_dependencies/ros_install_310/bound_mpc_msg/share/colcon-core/packages/bound_mpc_msg)
[33.096s] colcon.colcon_core.environment Level 1 create_environment_scripts_only(bound_mpc_msg)
[33.096s] colcon.colcon_core.environment Level 1 checking '/home/eric/wjg/btry/tmp/process_scan_dependencies/ros_install_310/bound_mpc_msg' for CMake module files
[33.096s] colcon.colcon_core.environment Level 1 checking '/home/eric/wjg/btry/tmp/process_scan_dependencies/ros_install_310/bound_mpc_msg' for CMake config files
[33.097s] colcon.colcon_core.shell Level 1 create_environment_hook('bound_mpc_msg', 'cmake_prefix_path')
[33.097s] colcon.colcon_core.shell INFO Creating environment hook '/home/eric/wjg/btry/tmp/process_scan_dependencies/ros_install_310/bound_mpc_msg/share/bound_mpc_msg/hook/cmake_prefix_path.ps1'
[33.097s] colcon.colcon_core.shell INFO Creating environment descriptor '/home/eric/wjg/btry/tmp/process_scan_dependencies/ros_install_310/bound_mpc_msg/share/bound_mpc_msg/hook/cmake_prefix_path.dsv'
[33.097s] colcon.colcon_core.shell INFO Creating environment hook '/home/eric/wjg/btry/tmp/process_scan_dependencies/ros_install_310/bound_mpc_msg/share/bound_mpc_msg/hook/cmake_prefix_path.sh'
[33.097s] colcon.colcon_core.environment Level 1 checking '/home/eric/wjg/btry/tmp/process_scan_dependencies/ros_install_310/bound_mpc_msg/lib'
[33.097s] colcon.colcon_core.shell Level 1 create_environment_hook('bound_mpc_msg', 'ld_library_path_lib')
[33.097s] colcon.colcon_core.shell INFO Creating environment hook '/home/eric/wjg/btry/tmp/process_scan_dependencies/ros_install_310/bound_mpc_msg/share/bound_mpc_msg/hook/ld_library_path_lib.ps1'
[33.097s] colcon.colcon_core.shell INFO Creating environment descriptor '/home/eric/wjg/btry/tmp/process_scan_dependencies/ros_install_310/bound_mpc_msg/share/bound_mpc_msg/hook/ld_library_path_lib.dsv'
[33.098s] colcon.colcon_core.shell INFO Creating environment hook '/home/eric/wjg/btry/tmp/process_scan_dependencies/ros_install_310/bound_mpc_msg/share/bound_mpc_msg/hook/ld_library_path_lib.sh'
[33.098s] colcon.colcon_core.environment Level 1 checking '/home/eric/wjg/btry/tmp/process_scan_dependencies/ros_install_310/bound_mpc_msg/bin'
[33.098s] colcon.colcon_core.environment Level 1 checking '/home/eric/wjg/btry/tmp/process_scan_dependencies/ros_install_310/bound_mpc_msg/lib/pkgconfig/bound_mpc_msg.pc'
[33.098s] colcon.colcon_core.environment Level 1 checking '/home/eric/wjg/btry/tmp/process_scan_dependencies/ros_install_310/bound_mpc_msg/lib/python3.10/site-packages'
[33.098s] colcon.colcon_core.environment Level 1 checking '/home/eric/wjg/btry/tmp/process_scan_dependencies/ros_install_310/bound_mpc_msg/bin'
[33.098s] colcon.colcon_core.shell INFO Creating package script '/home/eric/wjg/btry/tmp/process_scan_dependencies/ros_install_310/bound_mpc_msg/share/bound_mpc_msg/package.ps1'
[33.098s] colcon.colcon_core.shell INFO Creating package descriptor '/home/eric/wjg/btry/tmp/process_scan_dependencies/ros_install_310/bound_mpc_msg/share/bound_mpc_msg/package.dsv'
[33.098s] colcon.colcon_core.shell INFO Creating package script '/home/eric/wjg/btry/tmp/process_scan_dependencies/ros_install_310/bound_mpc_msg/share/bound_mpc_msg/package.sh'
[33.099s] colcon.colcon_core.shell INFO Creating package script '/home/eric/wjg/btry/tmp/process_scan_dependencies/ros_install_310/bound_mpc_msg/share/bound_mpc_msg/package.bash'
[33.099s] colcon.colcon_core.shell INFO Creating package script '/home/eric/wjg/btry/tmp/process_scan_dependencies/ros_install_310/bound_mpc_msg/share/bound_mpc_msg/package.zsh'
[33.099s] colcon.colcon_core.environment Level 1 create_file_with_runtime_dependencies(/home/eric/wjg/btry/tmp/process_scan_dependencies/ros_install_310/bound_mpc_msg/share/colcon-core/packages/bound_mpc_msg)
[33.099s] colcon.colcon_parallel_executor.executor.parallel DEBUG closing loop
[33.099s] colcon.colcon_parallel_executor.executor.parallel DEBUG loop closed
[33.099s] colcon.colcon_parallel_executor.executor.parallel DEBUG run_until_complete finished with '0'
[33.099s] colcon.colcon_core.event_reactor DEBUG joining thread
[33.101s] colcon.colcon_core.plugin_system INFO Skipping extension 'colcon_notification.desktop_notification.terminal_notifier': Not used on non-Darwin systems
[33.101s] colcon.colcon_core.plugin_system INFO Skipping extension 'colcon_notification.desktop_notification.win32': Not used on non-Windows systems
[33.101s] colcon.colcon_notification.desktop_notification INFO Sending desktop notification using 'notify2'
[33.101s] colcon.colcon_notification.desktop_notification.notify2 DEBUG Failed to initialize notify2: org.freedesktop.DBus.Error.AccessDenied: Failed to connect to socket /run/user/1000/bus: Operation not permitted
[33.101s] colcon.colcon_core.event_reactor DEBUG joined thread
[33.102s] colcon.colcon_core.shell INFO Creating prefix script '/home/eric/wjg/btry/tmp/process_scan_dependencies/ros_install_310/local_setup.ps1'
[33.102s] colcon.colcon_core.shell INFO Creating prefix util module '/home/eric/wjg/btry/tmp/process_scan_dependencies/ros_install_310/_local_setup_util_ps1.py'
[33.102s] colcon.colcon_core.shell INFO Creating prefix chain script '/home/eric/wjg/btry/tmp/process_scan_dependencies/ros_install_310/setup.ps1'
[33.103s] colcon.colcon_core.shell INFO Creating prefix script '/home/eric/wjg/btry/tmp/process_scan_dependencies/ros_install_310/local_setup.sh'
[33.103s] colcon.colcon_core.shell INFO Creating prefix util module '/home/eric/wjg/btry/tmp/process_scan_dependencies/ros_install_310/_local_setup_util_sh.py'
[33.103s] colcon.colcon_core.shell INFO Creating prefix chain script '/home/eric/wjg/btry/tmp/process_scan_dependencies/ros_install_310/setup.sh'
[33.103s] colcon.colcon_core.shell INFO Creating prefix script '/home/eric/wjg/btry/tmp/process_scan_dependencies/ros_install_310/local_setup.bash'
[33.104s] colcon.colcon_core.shell INFO Creating prefix chain script '/home/eric/wjg/btry/tmp/process_scan_dependencies/ros_install_310/setup.bash'
[33.104s] colcon.colcon_core.shell INFO Creating prefix script '/home/eric/wjg/btry/tmp/process_scan_dependencies/ros_install_310/local_setup.zsh'
[33.104s] colcon.colcon_core.shell INFO Creating prefix chain script '/home/eric/wjg/btry/tmp/process_scan_dependencies/ros_install_310/setup.zsh'
